../Drivers/CMSIS/Include/core_cm7.h:2229:22:SCB_EnableICache	1
../Drivers/CMSIS/Include/core_cm7.h:2281:22:SCB_EnableDCache	3
../Core/Src/main.c:111:6:init_positions	1
../Core/Src/main.c:119:10:CRC16_2	4
../Core/Src/main.c:135:10:RGB_to_HEX	1
../Core/Src/main.c:144:6:update_color	2
../Core/Src/main.c:155:6:Draw_Image_From_Data	3
../Core/Src/main.c:173:6:render_screen	1
../Core/Src/main.c:200:6:render_student_screen	1
../Core/Src/main.c:220:5:main	26
../Core/Src/main.c:451:6:SystemClock_Config	4
../Core/Src/main.c:509:6:Error_Handler	1
