Archive member included to satisfy reference by file (symbol)

C:/ST/STM32CubeIDE_1.19.0/STM32CubeIDE/plugins/com.st.stm32cube.ide.mcu.externaltools.gnu-tools-for-stm32.13.3.rel1.win32_1.0.0.202411081344/tools/bin/../lib/gcc/arm-none-eabi/13.3.1/../../../../arm-none-eabi/lib/thumb/v7e-m+dp/hard\libc_nano.a(libc_a-exit.o)
                              C:/ST/STM32CubeIDE_1.19.0/STM32CubeIDE/plugins/com.st.stm32cube.ide.mcu.externaltools.gnu-tools-for-stm32.13.3.rel1.win32_1.0.0.202411081344/tools/bin/../lib/gcc/arm-none-eabi/13.3.1/../../../../arm-none-eabi/lib/thumb/v7e-m+dp/hard/crt0.o (exit)
C:/ST/STM32CubeIDE_1.19.0/STM32CubeIDE/plugins/com.st.stm32cube.ide.mcu.externaltools.gnu-tools-for-stm32.13.3.rel1.win32_1.0.0.202411081344/tools/bin/../lib/gcc/arm-none-eabi/13.3.1/../../../../arm-none-eabi/lib/thumb/v7e-m+dp/hard\libc_nano.a(libc_a-findfp.o)
                              C:/ST/STM32CubeIDE_1.19.0/STM32CubeIDE/plugins/com.st.stm32cube.ide.mcu.externaltools.gnu-tools-for-stm32.13.3.rel1.win32_1.0.0.202411081344/tools/bin/../lib/gcc/arm-none-eabi/13.3.1/../../../../arm-none-eabi/lib/thumb/v7e-m+dp/hard\libc_nano.a(libc_a-exit.o) (__stdio_exit_handler)
C:/ST/STM32CubeIDE_1.19.0/STM32CubeIDE/plugins/com.st.stm32cube.ide.mcu.externaltools.gnu-tools-for-stm32.13.3.rel1.win32_1.0.0.202411081344/tools/bin/../lib/gcc/arm-none-eabi/13.3.1/../../../../arm-none-eabi/lib/thumb/v7e-m+dp/hard\libc_nano.a(libc_a-fwalk.o)
                              C:/ST/STM32CubeIDE_1.19.0/STM32CubeIDE/plugins/com.st.stm32cube.ide.mcu.externaltools.gnu-tools-for-stm32.13.3.rel1.win32_1.0.0.202411081344/tools/bin/../lib/gcc/arm-none-eabi/13.3.1/../../../../arm-none-eabi/lib/thumb/v7e-m+dp/hard\libc_nano.a(libc_a-findfp.o) (_fwalk_sglue)
C:/ST/STM32CubeIDE_1.19.0/STM32CubeIDE/plugins/com.st.stm32cube.ide.mcu.externaltools.gnu-tools-for-stm32.13.3.rel1.win32_1.0.0.202411081344/tools/bin/../lib/gcc/arm-none-eabi/13.3.1/../../../../arm-none-eabi/lib/thumb/v7e-m+dp/hard\libc_nano.a(libc_a-sprintf.o)
                              ./Core/Src/main.o (sprintf)
C:/ST/STM32CubeIDE_1.19.0/STM32CubeIDE/plugins/com.st.stm32cube.ide.mcu.externaltools.gnu-tools-for-stm32.13.3.rel1.win32_1.0.0.202411081344/tools/bin/../lib/gcc/arm-none-eabi/13.3.1/../../../../arm-none-eabi/lib/thumb/v7e-m+dp/hard\libc_nano.a(libc_a-stdio.o)
                              C:/ST/STM32CubeIDE_1.19.0/STM32CubeIDE/plugins/com.st.stm32cube.ide.mcu.externaltools.gnu-tools-for-stm32.13.3.rel1.win32_1.0.0.202411081344/tools/bin/../lib/gcc/arm-none-eabi/13.3.1/../../../../arm-none-eabi/lib/thumb/v7e-m+dp/hard\libc_nano.a(libc_a-findfp.o) (__sread)
C:/ST/STM32CubeIDE_1.19.0/STM32CubeIDE/plugins/com.st.stm32cube.ide.mcu.externaltools.gnu-tools-for-stm32.13.3.rel1.win32_1.0.0.202411081344/tools/bin/../lib/gcc/arm-none-eabi/13.3.1/../../../../arm-none-eabi/lib/thumb/v7e-m+dp/hard\libc_nano.a(libc_a-memset.o)
                              C:/ST/STM32CubeIDE_1.19.0/STM32CubeIDE/plugins/com.st.stm32cube.ide.mcu.externaltools.gnu-tools-for-stm32.13.3.rel1.win32_1.0.0.202411081344/tools/bin/../lib/gcc/arm-none-eabi/13.3.1/../../../../arm-none-eabi/lib/thumb/v7e-m+dp/hard/crt0.o (memset)
C:/ST/STM32CubeIDE_1.19.0/STM32CubeIDE/plugins/com.st.stm32cube.ide.mcu.externaltools.gnu-tools-for-stm32.13.3.rel1.win32_1.0.0.202411081344/tools/bin/../lib/gcc/arm-none-eabi/13.3.1/../../../../arm-none-eabi/lib/thumb/v7e-m+dp/hard\libc_nano.a(libc_a-closer.o)
                              C:/ST/STM32CubeIDE_1.19.0/STM32CubeIDE/plugins/com.st.stm32cube.ide.mcu.externaltools.gnu-tools-for-stm32.13.3.rel1.win32_1.0.0.202411081344/tools/bin/../lib/gcc/arm-none-eabi/13.3.1/../../../../arm-none-eabi/lib/thumb/v7e-m+dp/hard\libc_nano.a(libc_a-stdio.o) (_close_r)
C:/ST/STM32CubeIDE_1.19.0/STM32CubeIDE/plugins/com.st.stm32cube.ide.mcu.externaltools.gnu-tools-for-stm32.13.3.rel1.win32_1.0.0.202411081344/tools/bin/../lib/gcc/arm-none-eabi/13.3.1/../../../../arm-none-eabi/lib/thumb/v7e-m+dp/hard\libc_nano.a(libc_a-reent.o)
                              C:/ST/STM32CubeIDE_1.19.0/STM32CubeIDE/plugins/com.st.stm32cube.ide.mcu.externaltools.gnu-tools-for-stm32.13.3.rel1.win32_1.0.0.202411081344/tools/bin/../lib/gcc/arm-none-eabi/13.3.1/../../../../arm-none-eabi/lib/thumb/v7e-m+dp/hard\libc_nano.a(libc_a-closer.o) (errno)
C:/ST/STM32CubeIDE_1.19.0/STM32CubeIDE/plugins/com.st.stm32cube.ide.mcu.externaltools.gnu-tools-for-stm32.13.3.rel1.win32_1.0.0.202411081344/tools/bin/../lib/gcc/arm-none-eabi/13.3.1/../../../../arm-none-eabi/lib/thumb/v7e-m+dp/hard\libc_nano.a(libc_a-impure.o)
                              C:/ST/STM32CubeIDE_1.19.0/STM32CubeIDE/plugins/com.st.stm32cube.ide.mcu.externaltools.gnu-tools-for-stm32.13.3.rel1.win32_1.0.0.202411081344/tools/bin/../lib/gcc/arm-none-eabi/13.3.1/../../../../arm-none-eabi/lib/thumb/v7e-m+dp/hard\libc_nano.a(libc_a-sprintf.o) (_impure_ptr)
[...]
Memory Configuration

Name             Origin             Length             Attributes
RAM              0x20000000         0x00080000         xrw
FLASH            0x08000000         0x00200000         xr
*default*        0x00000000         0xffffffff

Linker script and memory map

LOAD C:/ST/STM32CubeIDE_1.19.0/STM32CubeIDE/plugins/com.st.stm32cube.ide.mcu.externaltools.gnu-tools-for-stm32.13.3.rel1.win32_1.0.0.202411081344/tools/bin/../lib/gcc/arm-none-eabi/13.3.1/thumb/v7e-m+dp/hard/crti.o
LOAD C:/ST/STM32CubeIDE_1.19.0/STM32CubeIDE/plugins/com.st.stm32cube.ide.mcu.externaltools.gnu-tools-for-stm32.13.3.rel1.win32_1.0.0.202411081344/tools/bin/../lib/gcc/arm-none-eabi/13.3.1/thumb/v7e-m+dp/hard/crtbegin.o
LOAD C:/ST/STM32CubeIDE_1.19.0/STM32CubeIDE/plugins/com.st.stm32cube.ide.mcu.externaltools.gnu-tools-for-stm32.13.3.rel1.win32_1.0.0.202411081344/tools/bin/../lib/gcc/arm-none-eabi/13.3.1/../../../../arm-none-eabi/lib/thumb/v7e-m+dp/hard/crt0.o
LOAD ./Core/Src/ILI9341/ILI9341_GFX.o
LOAD ./Core/Src/ILI9341/ILI9341_STM32_Driver.o
LOAD ./Core/Src/ILI9341/ILI9341_Touchscreen.o
LOAD ./Core/Src/adc.o
LOAD ./Core/Src/gpio.o
LOAD ./Core/Src/main.o
LOAD ./Core/Src/rng.o
LOAD ./Core/Src/spi.o
LOAD ./Core/Src/stm32f7xx_hal_msp.o
LOAD ./Core/Src/stm32f7xx_it.o
LOAD ./Core/Src/syscalls.o
LOAD ./Core/Src/sysmem.o
LOAD ./Core/Src/system_stm32f7xx.o
LOAD ./Core/Src/tim.o
LOAD ./Core/Src/usart.o
LOAD ./Core/Startup/startup_stm32f767zitx.o
LOAD ./Drivers/STM32F7xx_HAL_Driver/Src/stm32f7xx_hal.o
LOAD ./Drivers/STM32F7xx_HAL_Driver/Src/stm32f7xx_hal_adc.o
LOAD ./Drivers/STM32F7xx_HAL_Driver/Src/stm32f7xx_hal_adc_ex.o
LOAD ./Drivers/STM32F7xx_HAL_Driver/Src/stm32f7xx_hal_cortex.o
LOAD ./Drivers/STM32F7xx_HAL_Driver/Src/stm32f7xx_hal_dma.o
LOAD ./Drivers/STM32F7xx_HAL_Driver/Src/stm32f7xx_hal_dma_ex.o
LOAD ./Drivers/STM32F7xx_HAL_Driver/Src/stm32f7xx_hal_exti.o
LOAD ./Drivers/STM32F7xx_HAL_Driver/Src/stm32f7xx_hal_flash.o
LOAD ./Drivers/STM32F7xx_HAL_Driver/Src/stm32f7xx_hal_flash_ex.o
LOAD ./Drivers/STM32F7xx_HAL_Driver/Src/stm32f7xx_hal_gpio.o
LOAD ./Drivers/STM32F7xx_HAL_Driver/Src/stm32f7xx_hal_i2c.o
LOAD ./Drivers/STM32F7xx_HAL_Driver/Src/stm32f7xx_hal_i2c_ex.o
LOAD ./Drivers/STM32F7xx_HAL_Driver/Src/stm32f7xx_hal_pwr.o
LOAD ./Drivers/STM32F7xx_HAL_Driver/Src/stm32f7xx_hal_pwr_ex.o
LOAD ./Drivers/STM32F7xx_HAL_Driver/Src/stm32f7xx_hal_rcc.o
LOAD ./Drivers/STM32F7xx_HAL_Driver/Src/stm32f7xx_hal_rcc_ex.o
LOAD ./Drivers/STM32F7xx_HAL_Driver/Src/stm32f7xx_hal_rng.o
LOAD ./Drivers/STM32F7xx_HAL_Driver/Src/stm32f7xx_hal_spi.o
LOAD ./Drivers/STM32F7xx_HAL_Driver/Src/stm32f7xx_hal_spi_ex.o
LOAD ./Drivers/STM32F7xx_HAL_Driver/Src/stm32f7xx_hal_tim.o
LOAD ./Drivers/STM32F7xx_HAL_Driver/Src/stm32f7xx_hal_tim_ex.o
LOAD ./Drivers/STM32F7xx_HAL_Driver/Src/stm32f7xx_hal_uart.o
LOAD ./Drivers/STM32F7xx_HAL_Driver/Src/stm32f7xx_hal_uart_ex.o
START GROUP
LOAD C:/ST/STM32CubeIDE_1.19.0/STM32CubeIDE/plugins/com.st.stm32cube.ide.mcu.externaltools.gnu-tools-for-stm32.13.3.rel1.win32_1.0.0.202411081344/tools/bin/../lib/gcc/arm-none-eabi/13.3.1/../../../../arm-none-eabi/lib/thumb/v7e-m+dp/hard\libc_nano.a
LOAD C:/ST/STM32CubeIDE_1.19.0/STM32CubeIDE/plugins/com.st.stm32cube.ide.mcu.externaltools.gnu-tools-for-stm32.13.3.rel1.win32_1.0.0.202411081344/tools/bin/../lib/gcc/arm-none-eabi/13.3.1/../../../../arm-none-eabi/lib/thumb/v7e-m+dp/hard\libm.a
END GROUP
START GROUP
LOAD C:/ST/STM32CubeIDE_1.19.0/STM32CubeIDE/plugins/com.st.stm32cube.ide.mcu.externaltools.gnu-tools-for-stm32.13.3.rel1.win32_1.0.0.202411081344/tools/bin/../lib/gcc/arm-none-eabi/13.3.1/thumb/v7e-m+dp/hard\libgcc.a
LOAD C:/ST/STM32CubeIDE_1.19.0/STM32CubeIDE/plugins/com.st.stm32cube.ide.mcu.externaltools.gnu-tools-for-stm32.13.3.rel1.win32_1.0.0.202411081344/tools/bin/../lib/gcc/arm-none-eabi/13.3.1/../../../../arm-none-eabi/lib/thumb/v7e-m+dp/hard\libc_nano.a
END GROUP
START GROUP
LOAD C:/ST/STM32CubeIDE_1.19.0/STM32CubeIDE/plugins/com.st.stm32cube.ide.mcu.externaltools.gnu-tools-for-stm32.13.3.rel1.win32_1.0.0.202411081344/tools/bin/../lib/gcc/arm-none-eabi/13.3.1/thumb/v7e-m+dp/hard\libgcc.a
LOAD C:/ST/STM32CubeIDE_1.19.0/STM32CubeIDE/plugins/com.st.stm32cube.ide.mcu.externaltools.gnu-tools-for-stm32.13.3.rel1.win32_1.0.0.202411081344/tools/bin/../lib/gcc/arm-none-eabi/13.3.1/../../../../arm-none-eabi/lib/thumb/v7e-m+dp/hard\libc_nano.a
LOAD C:/ST/STM32CubeIDE_1.19.0/STM32CubeIDE/plugins/com.st.stm32cube.ide.mcu.externaltools.gnu-tools-for-stm32.13.3.rel1.win32_1.0.0.202411081344/tools/bin/../lib/gcc/arm-none-eabi/13.3.1/../../../../arm-none-eabi/lib/thumb/v7e-m+dp/hard\libnosys.a
END GROUP
START GROUP
LOAD C:/ST/STM32CubeIDE_1.19.0/STM32CubeIDE/plugins/com.st.stm32cube.ide.mcu.externaltools.gnu-tools-for-stm32.13.3.rel1.win32_1.0.0.202411081344/tools/bin/../lib/gcc/arm-none-eabi/13.3.1/thumb/v7e-m+dp/hard\libgcc.a
LOAD C:/ST/STM32CubeIDE_1.19.0/STM32CubeIDE/plugins/com.st.stm32cube.ide.mcu.externaltools.gnu-tools-for-stm32.13.3.rel1.win32_1.0.0.202411081344/tools/bin/../lib/gcc/arm-none-eabi/13.3.1/../../../../arm-none-eabi/lib/thumb/v7e-m+dp/hard\libc_nano.a
LOAD C:/ST/STM32CubeIDE_1.19.0/STM32CubeIDE/plugins/com.st.stm32cube.ide.mcu.externaltools.gnu-tools-for-stm32.13.3.rel1.win32_1.0.0.202411081344/tools/bin/../lib/gcc/arm-none-eabi/13.3.1/../../../../arm-none-eabi/lib/thumb/v7e-m+dp/hard\libnosys.a
END GROUP
LOAD C:/ST/STM32CubeIDE_1.19.0/STM32CubeIDE/plugins/com.st.stm32cube.ide.mcu.externaltools.gnu-tools-for-stm32.13.3.rel1.win32_1.0.0.202411081344/tools/bin/../lib/gcc/arm-none-eabi/13.3.1/thumb/v7e-m+dp/hard/crtend.o
LOAD C:/ST/STM32CubeIDE_1.19.0/STM32CubeIDE/plugins/com.st.stm32cube.ide.mcu.externaltools.gnu-tools-for-stm32.13.3.rel1.win32_1.0.0.202411081344/tools/bin/../lib/gcc/arm-none-eabi/13.3.1/thumb/v7e-m+dp/hard/crtn.o
                0x20080000                        _estack = (ORIGIN (RAM) + LENGTH (RAM))
                0x00000200                        _Min_Heap_Size = 0x200
                0x00000400                        _Min_Stack_Size = 0x400

.isr_vector     0x08000000      0x1f8
                0x08000000                        . = ALIGN (0x4)
 *(.isr_vector)
 .isr_vector    0x08000000      0x1f8 ./Core/Startup/startup_stm32f767zitx.o
                0x08000000                g_pfnVectors
                0x080001f8                        . = ALIGN (0x4)

.text           0x08000200     0x7a10
                0x08000200                        . = ALIGN (0x4)
 *(.text)
 .text          0x08000200       0x40 C:/ST/STM32CubeIDE_1.19.0/STM32CubeIDE/plugins/com.st.stm32cube.ide.mcu.externaltools.gnu-tools-for-stm32.13.3.rel1.win32_1.0.0.202411081344/tools/bin/../lib/gcc/arm-none-eabi/13.3.1/thumb/v7e-m+dp/hard/crtbegin.o
 .text          0x08000240       0xa0 C:/ST/STM32CubeIDE_1.19.0/STM32CubeIDE/plugins/com.st.stm32cube.ide.mcu.externaltools.gnu-tools-for-stm32.13.3.rel1.win32_1.0.0.202411081344/tools/bin/../lib/gcc/arm-none-eabi/13.3.1/../../../../arm-none-eabi/lib/thumb/v7e-m+dp/hard\libc_nano.a(libc_a-memchr.o)
                0x08000240                memchr
 .text          0x080002e0       0x30 C:/ST/STM32CubeIDE_1.19.0/STM32CubeIDE/plugins/com.st.stm32cube.ide.mcu.externaltools.gnu-tools-for-stm32.13.3.rel1.win32_1.0.0.202411081344/tools/bin/../lib/gcc/arm-none-eabi/13.3.1/thumb/v7e-m+dp/hard\libgcc.a(_aeabi_uldivmod.o)
                0x080002e0                __aeabi_uldivmod
 .text          0x08000310      0x2f8 C:/ST/STM32CubeIDE_1.19.0/STM32CubeIDE/plugins/com.st.stm32cube.ide.mcu.externaltools.gnu-tools-for-stm32.13.3.rel1.win32_1.0.0.202411081344/tools/bin/../lib/gcc/arm-none-eabi/13.3.1/thumb/v7e-m+dp/hard\libgcc.a(_udivmoddi4.o)
                0x08000310                __udivmoddi4
 .text          0x08000608        0x4 C:/ST/STM32CubeIDE_1.19.0/STM32CubeIDE/plugins/com.st.stm32cube.ide.mcu.externaltools.gnu-tools-for-stm32.13.3.rel1.win32_1.0.0.202411081344/tools/bin/../lib/gcc/arm-none-eabi/13.3.1/thumb/v7e-m+dp/hard\libgcc.a(_dvmd_tls.o)
                0x08000608                __aeabi_idiv0
                0x08000608                __aeabi_ldiv0
 *(.text*)
 .text.ILI9341_Draw_Char
                0x0800060c      0x134 ./Core/Src/ILI9341/ILI9341_GFX.o
                0x0800060c                ILI9341_Draw_Char
 .text.ILI9341_Draw_Text
                0x08000740       0x62 ./Core/Src/ILI9341/ILI9341_GFX.o
                0x08000740                ILI9341_Draw_Text
 *fill*         0x080007a2        0x2 
 .text.ILI9341_SPI_Init
                0x080007a4       0x20 ./Core/Src/ILI9341/ILI9341_STM32_Driver.o
                0x080007a4                ILI9341_SPI_Init
 .text.ILI9341_SPI_Send
                0x080007c4       0x24 ./Core/Src/ILI9341/ILI9341_STM32_Driver.o
                0x080007c4                ILI9341_SPI_Send
 .text.ILI9341_Write_Command
                0x080007e8       0x44 ./Core/Src/ILI9341/ILI9341_STM32_Driver.o
                0x080007e8                ILI9341_Write_Command
 .text.ILI9341_Write_Data
                0x0800082c       0x44 ./Core/Src/ILI9341/ILI9341_STM32_Driver.o
                0x0800082c                ILI9341_Write_Data
 .text.ILI9341_Set_Address
                0x08000870       0x98 ./Core/Src/ILI9341/ILI9341_STM32_Driver.o
                0x08000870                ILI9341_Set_Address
 .text.ILI9341_Reset
                0x08000908       0x3c ./Core/Src/ILI9341/ILI9341_STM32_Driver.o
                0x08000908                ILI9341_Reset
 .text.ILI9341_Set_Rotation
                0x08000944       0xa4 ./Core/Src/ILI9341/ILI9341_STM32_Driver.o
                0x08000944                ILI9341_Set_Rotation
 .text.ILI9341_Enable
                0x080009e8       0x18 ./Core/Src/ILI9341/ILI9341_STM32_Driver.o
                0x080009e8                ILI9341_Enable
 .text.ILI9341_Init
                0x08000a00      0x21a ./Core/Src/ILI9341/ILI9341_STM32_Driver.o
                0x08000a00                ILI9341_Init
 *fill*         0x08000c1a        0x2 
 .text.ILI9341_Draw_Colour_Burst
                0x08000c1c      0x13c ./Core/Src/ILI9341/ILI9341_STM32_Driver.o
                0x08000c1c                ILI9341_Draw_Colour_Burst
 .text.ILI9341_Fill_Screen
                0x08000d58       0x4c ./Core/Src/ILI9341/ILI9341_STM32_Driver.o
                0x08000d58                ILI9341_Fill_Screen
 .text.ILI9341_Draw_Pixel
                0x08000da4      0x1b4 ./Core/Src/ILI9341/ILI9341_STM32_Driver.o
                0x08000da4                ILI9341_Draw_Pixel
 .text.ILI9341_Draw_Rectangle
                0x08000f58       0xb8 ./Core/Src/ILI9341/ILI9341_STM32_Driver.o
                0x08000f58                ILI9341_Draw_Rectangle
 .text.MX_ADC1_Init
                0x08001010       0xa4 ./Core/Src/adc.o
                0x08001010                MX_ADC1_Init
 .text.MX_ADC2_Init
                0x080010b4       0xa4 ./Core/Src/adc.o
                0x080010b4                MX_ADC2_Init
 .text.HAL_ADC_MspInit
                0x08001158       0xdc ./Core/Src/adc.o
                0x08001158                HAL_ADC_MspInit
 .text.MX_GPIO_Init
                0x08001234      0x240 ./Core/Src/gpio.o
                0x08001234                MX_GPIO_Init
 .text.SCB_EnableICache
                0x08001474       0x4c ./Core/Src/main.o
 .text.SCB_EnableDCache
                0x080014c0       0x88 ./Core/Src/main.o
 .text.Draw_Image_From_Data
                0x08001548       0x7e ./Core/Src/main.o
                0x08001548                Draw_Image_From_Data
 *fill*         0x080015c6        0x2 
 .text.draw_p1_hp
                0x080015c8       0x98 ./Core/Src/main.o
                0x080015c8                draw_p1_hp
 .text.draw_p2_hp
                0x08001660       0x98 ./Core/Src/main.o
                0x08001660                draw_p2_hp
 .text.handle_p1_punch
                0x080016f8       0x4c ./Core/Src/main.o
                0x080016f8                handle_p1_punch
 .text.handle_p2_punch
                0x08001744       0x4c ./Core/Src/main.o
                0x08001744                handle_p2_punch
 .text.control_p1_pos
                0x08001790       0x60 ./Core/Src/main.o
                0x08001790                control_p1_pos
 .text.control_p2_pos
                0x080017f0       0x64 ./Core/Src/main.o
                0x080017f0                control_p2_pos
 .text.handle_p1_got_hit
                0x08001854       0x88 ./Core/Src/main.o
                0x08001854                handle_p1_got_hit
 .text.handle_p2_got_hit
                0x080018dc       0x88 ./Core/Src/main.o
                0x080018dc                handle_p2_got_hit
 .text.display_timer
                0x08001964       0x94 ./Core/Src/main.o
                0x08001964                display_timer
 .text.display_result
                0x080019f8       0xe8 ./Core/Src/main.o
                0x080019f8                display_result
 .text.display_ready_screen
                0x08001ae0       0x88 ./Core/Src/main.o
                0x08001ae0                display_ready_screen
 .text.reset_game
                0x08001b68       0x8c ./Core/Src/main.o
                0x08001b68                reset_game
 .text.display_count_down_screen
                0x08001bf4       0x98 ./Core/Src/main.o
                0x08001bf4                display_count_down_screen
 .text.handle_start_game
                0x08001c8c       0xb0 ./Core/Src/main.o
                0x08001c8c                handle_start_game
 .text.display_press2start
                0x08001d3c       0x78 ./Core/Src/main.o
                0x08001d3c                display_press2start
 .text.buzzer_on
                0x08001db4       0x18 ./Core/Src/main.o
                0x08001db4                buzzer_on
 .text.buzzer_off
                0x08001dcc       0x18 ./Core/Src/main.o
                0x08001dcc                buzzer_off
 .text.beep     0x08001de4       0x22 ./Core/Src/main.o
                0x08001de4                beep
 *fill*         0x08001e06        0x2 
 .text.main     0x08001e08      0x268 ./Core/Src/main.o
                0x08001e08                main
 .text.SystemClock_Config
                0x08002070       0xdc ./Core/Src/main.o
                0x08002070                SystemClock_Config
 .text.HAL_GPIO_EXTI_Callback
                0x0800214c       0xc4 ./Core/Src/main.o
                0x0800214c                HAL_GPIO_EXTI_Callback
 .text.Error_Handler
                0x08002210        0xc ./Core/Src/main.o
                0x08002210                Error_Handler
 .text.MX_RNG_Init
                0x0800221c       0x28 ./Core/Src/rng.o
                0x0800221c                MX_RNG_Init
 .text.HAL_RNG_MspInit
                0x08002244       0x68 ./Core/Src/rng.o
                0x08002244                HAL_RNG_MspInit
 .text.MX_SPI5_Init
                0x080022ac       0x7c ./Core/Src/spi.o
                0x080022ac                MX_SPI5_Init
 .text.HAL_SPI_MspInit
                0x08002328       0x88 ./Core/Src/spi.o
                0x08002328                HAL_SPI_MspInit
 .text.HAL_MspInit
                0x080023b0       0x48 ./Core/Src/stm32f7xx_hal_msp.o
                0x080023b0                HAL_MspInit
 .text.NMI_Handler
                0x080023f8        0x8 ./Core/Src/stm32f7xx_it.o
                0x080023f8                NMI_Handler
 .text.HardFault_Handler
                0x08002400        0x8 ./Core/Src/stm32f7xx_it.o
                0x08002400                HardFault_Handler
 .text.MemManage_Handler
                0x08002408        0x8 ./Core/Src/stm32f7xx_it.o
                0x08002408                MemManage_Handler
 .text.BusFault_Handler
                0x08002410        0x8 ./Core/Src/stm32f7xx_it.o
                0x08002410                BusFault_Handler
 .text.UsageFault_Handler
                0x08002418        0x8 ./Core/Src/stm32f7xx_it.o
                0x08002418                UsageFault_Handler
 .text.SVC_Handler
                0x08002420        0xe ./Core/Src/stm32f7xx_it.o
                0x08002420                SVC_Handler
 .text.DebugMon_Handler
                0x0800242e        0xe ./Core/Src/stm32f7xx_it.o
                0x0800242e                DebugMon_Handler
 .text.PendSV_Handler
                0x0800243c        0xe ./Core/Src/stm32f7xx_it.o
                0x0800243c                PendSV_Handler
 .text.SysTick_Handler
                0x0800244a        0xc ./Core/Src/stm32f7xx_it.o
                0x0800244a                SysTick_Handler
 .text.EXTI9_5_IRQHandler
                0x08002456       0x18 ./Core/Src/stm32f7xx_it.o
                0x08002456                EXTI9_5_IRQHandler
 *fill*         0x0800246e        0x2 
 .text.TIM3_IRQHandler
                0x08002470       0x2c ./Core/Src/stm32f7xx_it.o
                0x08002470                TIM3_IRQHandler
 .text.EXTI15_10_IRQHandler
                0x0800249c       0x34 ./Core/Src/stm32f7xx_it.o
                0x0800249c                EXTI15_10_IRQHandler
 .text._sbrk    0x080024d0       0x6c ./Core/Src/sysmem.o
                0x080024d0                _sbrk
 .text.SystemInit
                0x0800253c       0x24 ./Core/Src/system_stm32f7xx.o
                0x0800253c                SystemInit
 .text.MX_TIM1_Init
                0x08002560       0xa8 ./Core/Src/tim.o
                0x08002560                MX_TIM1_Init
 .text.MX_TIM2_Init
                0x08002608       0xec ./Core/Src/tim.o
                0x08002608                MX_TIM2_Init
 .text.MX_TIM3_Init
                0x080026f4       0x9c ./Core/Src/tim.o
                0x080026f4                MX_TIM3_Init
 .text.MX_TIM4_Init
                0x08002790      0x130 ./Core/Src/tim.o
                0x08002790                MX_TIM4_Init
 .text.HAL_TIM_Base_MspInit
                0x080028c0       0xc0 ./Core/Src/tim.o
                0x080028c0                HAL_TIM_Base_MspInit
 .text.HAL_TIM_MspPostInit
                0x08002980       0xbc ./Core/Src/tim.o
                0x08002980                HAL_TIM_MspPostInit
 .text.MX_USART3_UART_Init
                0x08002a3c       0x60 ./Core/Src/usart.o
                0x08002a3c                MX_USART3_UART_Init
 .text.HAL_UART_MspInit
                0x08002a9c       0xc0 ./Core/Src/usart.o
                0x08002a9c                HAL_UART_MspInit
 .text.Reset_Handler
                0x08002b5c       0x50 ./Core/Startup/startup_stm32f767zitx.o
                0x08002b5c                Reset_Handler
 .text.Default_Handler
                0x08002bac        0x2 ./Core/Startup/startup_stm32f767zitx.o
                0x08002bac                RTC_Alarm_IRQHandler
                0x08002bac                EXTI2_IRQHandler
                0x08002bac                TIM8_CC_IRQHandler
                0x08002bac                UART8_IRQHandler
                0x08002bac                SPI4_IRQHandler
                0x08002bac                TIM1_CC_IRQHandler
                0x08002bac                DMA2_Stream5_IRQHandler
                0x08002bac                JPEG_IRQHandler
                0x08002bac                DMA1_Stream5_IRQHandler
                0x08002bac                CAN3_RX1_IRQHandler
                0x08002bac                PVD_IRQHandler
                0x08002bac                TAMP_STAMP_IRQHandler
                0x08002bac                CAN2_RX1_IRQHandler
                0x08002bac                EXTI3_IRQHandler
                0x08002bac                TIM8_TRG_COM_TIM14_IRQHandler
                0x08002bac                DFSDM1_FLT1_IRQHandler
                0x08002bac                TIM1_UP_TIM10_IRQHandler
                0x08002bac                TIM8_UP_TIM13_IRQHandler
                0x08002bac                I2C3_ER_IRQHandler
                0x08002bac                DFSDM1_FLT2_IRQHandler
                0x08002bac                EXTI0_IRQHandler
                0x08002bac                I2C2_EV_IRQHandler
                0x08002bac                DMA1_Stream2_IRQHandler
                0x08002bac                CAN1_RX0_IRQHandler
                0x08002bac                FPU_IRQHandler
                0x08002bac                OTG_HS_WKUP_IRQHandler
                0x08002bac                CAN3_SCE_IRQHandler
                0x08002bac                LTDC_ER_IRQHandler
                0x08002bac                CAN2_SCE_IRQHandler
                0x08002bac                DMA2_Stream2_IRQHandler
                0x08002bac                SPI1_IRQHandler
                0x08002bac                TIM6_DAC_IRQHandler
                0x08002bac                TIM1_BRK_TIM9_IRQHandler
                0x08002bac                DCMI_IRQHandler
                0x08002bac                CAN2_RX0_IRQHandler
                0x08002bac                DMA2_Stream3_IRQHandler
                0x08002bac                SAI2_IRQHandler
                0x08002bac                DFSDM1_FLT3_IRQHandler
                0x08002bac                USART6_IRQHandler
                0x08002bac                CAN3_RX0_IRQHandler
                0x08002bac                USART3_IRQHandler
                0x08002bac                CAN1_RX1_IRQHandler
                0x08002bac                UART5_IRQHandler
                0x08002bac                DMA2_Stream0_IRQHandler
                0x08002bac                TIM4_IRQHandler
                0x08002bac                QUADSPI_IRQHandler
                0x08002bac                I2C1_EV_IRQHandler
                0x08002bac                DMA1_Stream6_IRQHandler
                0x08002bac                DMA1_Stream1_IRQHandler
                0x08002bac                UART4_IRQHandler
                0x08002bac                RCC_IRQHandler
                0x08002bac                TIM8_BRK_TIM12_IRQHandler
                0x08002bac                Default_Handler
                0x08002bac                CEC_IRQHandler
                0x08002bac                ADC_IRQHandler
                0x08002bac                DMA1_Stream7_IRQHandler
                0x08002bac                SPI5_IRQHandler
                0x08002bac                TIM7_IRQHandler
                0x08002bac                SDMMC1_IRQHandler
                0x08002bac                CAN2_TX_IRQHandler
                0x08002bac                TIM5_IRQHandler
                0x08002bac                DMA2_Stream7_IRQHandler
                0x08002bac                I2C3_EV_IRQHandler
                0x08002bac                RTC_WKUP_IRQHandler
                0x08002bac                LTDC_IRQHandler
                0x08002bac                ETH_WKUP_IRQHandler
                0x08002bac                SPDIF_RX_IRQHandler
                0x08002bac                SPI2_IRQHandler
                0x08002bac                OTG_HS_EP1_IN_IRQHandler
                0x08002bac                DMA1_Stream0_IRQHandler
                0x08002bac                CAN1_TX_IRQHandler
                0x08002bac                EXTI4_IRQHandler
                0x08002bac                RNG_IRQHandler
                0x08002bac                ETH_IRQHandler
                0x08002bac                OTG_HS_EP1_OUT_IRQHandler
                0x08002bac                WWDG_IRQHandler
                0x08002bac                SPI6_IRQHandler
                0x08002bac                MDIOS_IRQHandler
                0x08002bac                I2C4_EV_IRQHandler
                0x08002bac                CAN3_TX_IRQHandler
                0x08002bac                TIM2_IRQHandler
                0x08002bac                OTG_FS_WKUP_IRQHandler
                0x08002bac                TIM1_TRG_COM_TIM11_IRQHandler
                0x08002bac                OTG_HS_IRQHandler
                0x08002bac                DMA2D_IRQHandler
                0x08002bac                EXTI1_IRQHandler
                0x08002bac                SDMMC2_IRQHandler
                0x08002bac                UART7_IRQHandler
                0x08002bac                USART2_IRQHandler
                0x08002bac                DFSDM1_FLT0_IRQHandler
                0x08002bac                I2C2_ER_IRQHandler
                0x08002bac                DMA2_Stream1_IRQHandler
                0x08002bac                CAN1_SCE_IRQHandler
                0x08002bac                FLASH_IRQHandler
                0x08002bac                DMA2_Stream4_IRQHandler
                0x08002bac                USART1_IRQHandler
                0x08002bac                OTG_FS_IRQHandler
                0x08002bac                SPI3_IRQHandler
                0x08002bac                DMA1_Stream4_IRQHandler
                0x08002bac                I2C1_ER_IRQHandler
                0x08002bac                FMC_IRQHandler
                0x08002bac                LPTIM1_IRQHandler
                0x08002bac                I2C4_ER_IRQHandler
                0x08002bac                DMA2_Stream6_IRQHandler
                0x08002bac                SAI1_IRQHandler
                0x08002bac                DMA1_Stream3_IRQHandler
 *fill*         0x08002bae        0x2 
 .text.HAL_Init
                0x08002bb0       0x38 ./Drivers/STM32F7xx_HAL_Driver/Src/stm32f7xx_hal.o
                0x08002bb0                HAL_Init
 .text.HAL_InitTick
                0x08002be8       0x60 ./Drivers/STM32F7xx_HAL_Driver/Src/stm32f7xx_hal.o
                0x08002be8                HAL_InitTick
 .text.HAL_IncTick
                0x08002c48       0x28 ./Drivers/STM32F7xx_HAL_Driver/Src/stm32f7xx_hal.o
                0x08002c48                HAL_IncTick
 .text.HAL_GetTick
                0x08002c70       0x18 ./Drivers/STM32F7xx_HAL_Driver/Src/stm32f7xx_hal.o
                0x08002c70                HAL_GetTick
 .text.HAL_Delay
                0x08002c88       0x48 ./Drivers/STM32F7xx_HAL_Driver/Src/stm32f7xx_hal.o
                0x08002c88                HAL_Delay
 .text.HAL_ADC_Init
                0x08002cd0       0x88 ./Drivers/STM32F7xx_HAL_Driver/Src/stm32f7xx_hal_adc.o
                0x08002cd0                HAL_ADC_Init
 .text.HAL_ADC_Start
                0x08002d58      0x19c ./Drivers/STM32F7xx_HAL_Driver/Src/stm32f7xx_hal_adc.o
                0x08002d58                HAL_ADC_Start
 .text.HAL_ADC_PollForConversion
                0x08002ef4      0x116 ./Drivers/STM32F7xx_HAL_Driver/Src/stm32f7xx_hal_adc.o
                0x08002ef4                HAL_ADC_PollForConversion
 .text.HAL_ADC_GetValue
                0x0800300a       0x1a ./Drivers/STM32F7xx_HAL_Driver/Src/stm32f7xx_hal_adc.o
                0x0800300a                HAL_ADC_GetValue
 .text.HAL_ADC_ConfigChannel
                0x08003024      0x2b4 ./Drivers/STM32F7xx_HAL_Driver/Src/stm32f7xx_hal_adc.o
                0x08003024                HAL_ADC_ConfigChannel
 .text.ADC_Init
                0x080032d8      0x1f4 ./Drivers/STM32F7xx_HAL_Driver/Src/stm32f7xx_hal_adc.o
 .text.__NVIC_SetPriorityGrouping
                0x080034cc       0x48 ./Drivers/STM32F7xx_HAL_Driver/Src/stm32f7xx_hal_cortex.o
 .text.__NVIC_GetPriorityGrouping
                0x08003514       0x1c ./Drivers/STM32F7xx_HAL_Driver/Src/stm32f7xx_hal_cortex.o
 .text.__NVIC_EnableIRQ
                0x08003530       0x3c ./Drivers/STM32F7xx_HAL_Driver/Src/stm32f7xx_hal_cortex.o
 .text.__NVIC_SetPriority
                0x0800356c       0x54 ./Drivers/STM32F7xx_HAL_Driver/Src/stm32f7xx_hal_cortex.o
 .text.NVIC_EncodePriority
                0x080035c0       0x66 ./Drivers/STM32F7xx_HAL_Driver/Src/stm32f7xx_hal_cortex.o
 *fill*         0x08003626        0x2 
 .text.SysTick_Config
                0x08003628       0x44 ./Drivers/STM32F7xx_HAL_Driver/Src/stm32f7xx_hal_cortex.o
 .text.HAL_NVIC_SetPriorityGrouping
                0x0800366c       0x16 ./Drivers/STM32F7xx_HAL_Driver/Src/stm32f7xx_hal_cortex.o
                0x0800366c                HAL_NVIC_SetPriorityGrouping
 .text.HAL_NVIC_SetPriority
                0x08003682       0x38 ./Drivers/STM32F7xx_HAL_Driver/Src/stm32f7xx_hal_cortex.o
                0x08003682                HAL_NVIC_SetPriority
 .text.HAL_NVIC_EnableIRQ
                0x080036ba       0x1c ./Drivers/STM32F7xx_HAL_Driver/Src/stm32f7xx_hal_cortex.o
                0x080036ba                HAL_NVIC_EnableIRQ
 .text.HAL_SYSTICK_Config
                0x080036d6       0x18 ./Drivers/STM32F7xx_HAL_Driver/Src/stm32f7xx_hal_cortex.o
                0x080036d6                HAL_SYSTICK_Config
 *fill*         0x080036ee        0x2 
 .text.HAL_GPIO_Init
                0x080036f0      0x358 ./Drivers/STM32F7xx_HAL_Driver/Src/stm32f7xx_hal_gpio.o
                0x080036f0                HAL_GPIO_Init
 .text.HAL_GPIO_WritePin
                0x08003a48       0x32 ./Drivers/STM32F7xx_HAL_Driver/Src/stm32f7xx_hal_gpio.o
                0x08003a48                HAL_GPIO_WritePin
 .text.HAL_GPIO_TogglePin
                0x08003a7a       0x34 ./Drivers/STM32F7xx_HAL_Driver/Src/stm32f7xx_hal_gpio.o
                0x08003a7a                HAL_GPIO_TogglePin
 *fill*         0x08003aae        0x2 
 .text.HAL_GPIO_EXTI_IRQHandler
                0x08003ab0       0x30 ./Drivers/STM32F7xx_HAL_Driver/Src/stm32f7xx_hal_gpio.o
                0x08003ab0                HAL_GPIO_EXTI_IRQHandler
 .text.HAL_PWREx_EnableOverDrive
                0x08003ae0       0xa0 ./Drivers/STM32F7xx_HAL_Driver/Src/stm32f7xx_hal_pwr_ex.o
                0x08003ae0                HAL_PWREx_EnableOverDrive
 .text.HAL_RCC_OscConfig
                0x08003b80      0x55c ./Drivers/STM32F7xx_HAL_Driver/Src/stm32f7xx_hal_rcc.o
                0x08003b80                HAL_RCC_OscConfig
 .text.HAL_RCC_ClockConfig
                0x080040dc      0x1d8 ./Drivers/STM32F7xx_HAL_Driver/Src/stm32f7xx_hal_rcc.o
                0x080040dc                HAL_RCC_ClockConfig
 .text.HAL_RCC_GetSysClockFreq
                0x080042b4      0x18c ./Drivers/STM32F7xx_HAL_Driver/Src/stm32f7xx_hal_rcc.o
                0x080042b4                HAL_RCC_GetSysClockFreq
 .text.HAL_RCC_GetHCLKFreq
                0x08004440       0x18 ./Drivers/STM32F7xx_HAL_Driver/Src/stm32f7xx_hal_rcc.o
                0x08004440                HAL_RCC_GetHCLKFreq
 .text.HAL_RCC_GetPCLK1Freq
                0x08004458       0x28 ./Drivers/STM32F7xx_HAL_Driver/Src/stm32f7xx_hal_rcc.o
                0x08004458                HAL_RCC_GetPCLK1Freq
 .text.HAL_RCC_GetPCLK2Freq
                0x08004480       0x28 ./Drivers/STM32F7xx_HAL_Driver/Src/stm32f7xx_hal_rcc.o
                0x08004480                HAL_RCC_GetPCLK2Freq
 .text.HAL_RCCEx_PeriphCLKConfig
                0x080044a8      0x850 ./Drivers/STM32F7xx_HAL_Driver/Src/stm32f7xx_hal_rcc_ex.o
                0x080044a8                HAL_RCCEx_PeriphCLKConfig
 .text.HAL_RNG_Init
                0x08004cf8       0x54 ./Drivers/STM32F7xx_HAL_Driver/Src/stm32f7xx_hal_rng.o
                0x08004cf8                HAL_RNG_Init
 .text.HAL_SPI_Init
                0x08004d4c      0x156 ./Drivers/STM32F7xx_HAL_Driver/Src/stm32f7xx_hal_spi.o
                0x08004d4c                HAL_SPI_Init
 .text.HAL_SPI_Transmit
                0x08004ea2      0x2ec ./Drivers/STM32F7xx_HAL_Driver/Src/stm32f7xx_hal_spi.o
                0x08004ea2                HAL_SPI_Transmit
 *fill*         0x0800518e        0x2 
 .text.SPI_WaitFlagStateUntilTimeout
                0x08005190      0x110 ./Drivers/STM32F7xx_HAL_Driver/Src/stm32f7xx_hal_spi.o
 .text.SPI_WaitFifoStateUntilTimeout
                0x080052a0      0x12c ./Drivers/STM32F7xx_HAL_Driver/Src/stm32f7xx_hal_spi.o
 .text.SPI_EndRxTxTransaction
                0x080053cc       0xd4 ./Drivers/STM32F7xx_HAL_Driver/Src/stm32f7xx_hal_spi.o
 .text.HAL_TIM_Base_Init
                0x080054a0       0xae ./Drivers/STM32F7xx_HAL_Driver/Src/stm32f7xx_hal_tim.o
                0x080054a0                HAL_TIM_Base_Init
 *fill*         0x0800554e        0x2 
 .text.HAL_TIM_Base_Start_IT
                0x08005550       0xf0 ./Drivers/STM32F7xx_HAL_Driver/Src/stm32f7xx_hal_tim.o
                0x08005550                HAL_TIM_Base_Start_IT
 .text.HAL_TIM_PWM_Init
                0x08005640       0xae ./Drivers/STM32F7xx_HAL_Driver/Src/stm32f7xx_hal_tim.o
                0x08005640                HAL_TIM_PWM_Init
 .text.HAL_TIM_PWM_MspInit
                0x080056ee       0x14 ./Drivers/STM32F7xx_HAL_Driver/Src/stm32f7xx_hal_tim.o
                0x080056ee                HAL_TIM_PWM_MspInit
 *fill*         0x08005702        0x2 
 .text.HAL_TIM_PWM_Start
                0x08005704      0x1f4 ./Drivers/STM32F7xx_HAL_Driver/Src/stm32f7xx_hal_tim.o
                0x08005704                HAL_TIM_PWM_Start
 .text.HAL_TIM_IRQHandler
                0x080058f8      0x20e ./Drivers/STM32F7xx_HAL_Driver/Src/stm32f7xx_hal_tim.o
                0x080058f8                HAL_TIM_IRQHandler
 *fill*         0x08005b06        0x2 
 .text.HAL_TIM_PWM_ConfigChannel
                0x08005b08      0x228 ./Drivers/STM32F7xx_HAL_Driver/Src/stm32f7xx_hal_tim.o
                0x08005b08                HAL_TIM_PWM_ConfigChannel
 .text.HAL_TIM_ConfigClockSource
                0x08005d30      0x194 ./Drivers/STM32F7xx_HAL_Driver/Src/stm32f7xx_hal_tim.o
                0x08005d30                HAL_TIM_ConfigClockSource
 .text.HAL_TIM_PeriodElapsedCallback
                0x08005ec4       0x14 ./Drivers/STM32F7xx_HAL_Driver/Src/stm32f7xx_hal_tim.o
                0x08005ec4                HAL_TIM_PeriodElapsedCallback
 .text.HAL_TIM_OC_DelayElapsedCallback
                0x08005ed8       0x14 ./Drivers/STM32F7xx_HAL_Driver/Src/stm32f7xx_hal_tim.o
                0x08005ed8                HAL_TIM_OC_DelayElapsedCallback
 .text.HAL_TIM_IC_CaptureCallback
                0x08005eec       0x14 ./Drivers/STM32F7xx_HAL_Driver/Src/stm32f7xx_hal_tim.o
                0x08005eec                HAL_TIM_IC_CaptureCallback
 .text.HAL_TIM_PWM_PulseFinishedCallback
                0x08005f00       0x14 ./Drivers/STM32F7xx_HAL_Driver/Src/stm32f7xx_hal_tim.o
                0x08005f00                HAL_TIM_PWM_PulseFinishedCallback
 .text.HAL_TIM_TriggerCallback
                0x08005f14       0x14 ./Drivers/STM32F7xx_HAL_Driver/Src/stm32f7xx_hal_tim.o
                0x08005f14                HAL_TIM_TriggerCallback
 .text.TIM_Base_SetConfig
                0x08005f28      0x14c ./Drivers/STM32F7xx_HAL_Driver/Src/stm32f7xx_hal_tim.o
                0x08005f28                TIM_Base_SetConfig
 .text.TIM_OC1_SetConfig
                0x08006074       0xe4 ./Drivers/STM32F7xx_HAL_Driver/Src/stm32f7xx_hal_tim.o
 .text.TIM_OC2_SetConfig
                0x08006158       0xf0 ./Drivers/STM32F7xx_HAL_Driver/Src/stm32f7xx_hal_tim.o
                0x08006158                TIM_OC2_SetConfig
 .text.TIM_OC3_SetConfig
                0x08006248       0xec ./Drivers/STM32F7xx_HAL_Driver/Src/stm32f7xx_hal_tim.o
 .text.TIM_OC4_SetConfig
                0x08006334       0xb0 ./Drivers/STM32F7xx_HAL_Driver/Src/stm32f7xx_hal_tim.o
 .text.TIM_OC5_SetConfig
                0x080063e4       0xa4 ./Drivers/STM32F7xx_HAL_Driver/Src/stm32f7xx_hal_tim.o
 .text.TIM_OC6_SetConfig
                0x08006488       0xa8 ./Drivers/STM32F7xx_HAL_Driver/Src/stm32f7xx_hal_tim.o
 .text.TIM_TI1_ConfigInputStage
                0x08006530       0x5e ./Drivers/STM32F7xx_HAL_Driver/Src/stm32f7xx_hal_tim.o
 .text.TIM_TI2_ConfigInputStage
                0x0800658e       0x60 ./Drivers/STM32F7xx_HAL_Driver/Src/stm32f7xx_hal_tim.o
 .text.TIM_ITRx_SetConfig
                0x080065ee       0x36 ./Drivers/STM32F7xx_HAL_Driver/Src/stm32f7xx_hal_tim.o
 .text.TIM_ETR_SetConfig
                0x08006624       0x40 ./Drivers/STM32F7xx_HAL_Driver/Src/stm32f7xx_hal_tim.o
                0x08006624                TIM_ETR_SetConfig
 .text.TIM_CCxChannelCmd
                0x08006664       0x4a ./Drivers/STM32F7xx_HAL_Driver/Src/stm32f7xx_hal_tim.o
                0x08006664                TIM_CCxChannelCmd
 *fill*         0x080066ae        0x2 
 .text.HAL_TIMEx_MasterConfigSynchronization
                0x080066b0      0x11c ./Drivers/STM32F7xx_HAL_Driver/Src/stm32f7xx_hal_tim_ex.o
                0x080066b0                HAL_TIMEx_MasterConfigSynchronization
 .text.HAL_TIMEx_CommutCallback
                0x080067cc       0x14 ./Drivers/STM32F7xx_HAL_Driver/Src/stm32f7xx_hal_tim_ex.o
                0x080067cc                HAL_TIMEx_CommutCallback
 .text.HAL_TIMEx_BreakCallback
                0x080067e0       0x14 ./Drivers/STM32F7xx_HAL_Driver/Src/stm32f7xx_hal_tim_ex.o
                0x080067e0                HAL_TIMEx_BreakCallback
 .text.HAL_TIMEx_Break2Callback
                0x080067f4       0x14 ./Drivers/STM32F7xx_HAL_Driver/Src/stm32f7xx_hal_tim_ex.o
                0x080067f4                HAL_TIMEx_Break2Callback
 .text.HAL_UART_Init
                0x08006808       0x9c ./Drivers/STM32F7xx_HAL_Driver/Src/stm32f7xx_hal_uart.o
                0x08006808                HAL_UART_Init
 .text.HAL_UART_Transmit
                0x080068a4      0x112 ./Drivers/STM32F7xx_HAL_Driver/Src/stm32f7xx_hal_uart.o
                0x080068a4                HAL_UART_Transmit
 *fill*         0x080069b6        0x2 
 .text.UART_SetConfig
                0x080069b8      0x4c8 ./Drivers/STM32F7xx_HAL_Driver/Src/stm32f7xx_hal_uart.o
                0x080069b8                UART_SetConfig
 .text.UART_AdvFeatureConfig
                0x08006e80      0x144 ./Drivers/STM32F7xx_HAL_Driver/Src/stm32f7xx_hal_uart.o
                0x08006e80                UART_AdvFeatureConfig
 .text.UART_CheckIdleState
                0x08006fc4      0x150 ./Drivers/STM32F7xx_HAL_Driver/Src/stm32f7xx_hal_uart.o
                0x08006fc4                UART_CheckIdleState
 .text.UART_WaitOnFlagUntilTimeout
                0x08007114       0xda ./Drivers/STM32F7xx_HAL_Driver/Src/stm32f7xx_hal_uart.o
                0x08007114                UART_WaitOnFlagUntilTimeout
 .text.UART_EndRxTransfer
                0x080071ee       0xc8 ./Drivers/STM32F7xx_HAL_Driver/Src/stm32f7xx_hal_uart.o
 *fill*         0x080072b6        0x2 
 .text.sprintf  0x080072b8       0x44 C:/ST/STM32CubeIDE_1.19.0/STM32CubeIDE/plugins/com.st.stm32cube.ide.mcu.externaltools.gnu-tools-for-stm32.13.3.rel1.win32_1.0.0.202411081344/tools/bin/../lib/gcc/arm-none-eabi/13.3.1/../../../../arm-none-eabi/lib/thumb/v7e-m+dp/hard\libc_nano.a(libc_a-sprintf.o)
                0x080072b8                siprintf
                0x080072b8                sprintf
 .text.memset   0x080072fc       0x10 C:/ST/STM32CubeIDE_1.19.0/STM32CubeIDE/plugins/com.st.stm32cube.ide.mcu.externaltools.gnu-tools-for-stm32.13.3.rel1.win32_1.0.0.202411081344/tools/bin/../lib/gcc/arm-none-eabi/13.3.1/../../../../arm-none-eabi/lib/thumb/v7e-m+dp/hard\libc_nano.a(libc_a-memset.o)
                0x080072fc                memset
 .text.__errno  0x0800730c        0xc C:/ST/STM32CubeIDE_1.19.0/STM32CubeIDE/plugins/com.st.stm32cube.ide.mcu.externaltools.gnu-tools-for-stm32.13.3.rel1.win32_1.0.0.202411081344/tools/bin/../lib/gcc/arm-none-eabi/13.3.1/../../../../arm-none-eabi/lib/thumb/v7e-m+dp/hard\libc_nano.a(libc_a-errno.o)
                0x0800730c                __errno
 .text.__libc_init_array
                0x08007318       0x48 C:/ST/STM32CubeIDE_1.19.0/STM32CubeIDE/plugins/com.st.stm32cube.ide.mcu.externaltools.gnu-tools-for-stm32.13.3.rel1.win32_1.0.0.202411081344/tools/bin/../lib/gcc/arm-none-eabi/13.3.1/../../../../arm-none-eabi/lib/thumb/v7e-m+dp/hard\libc_nano.a(libc_a-init.o)
                0x08007318                __libc_init_array
 .text.__retarget_lock_acquire_recursive
                0x08007360        0x2 C:/ST/STM32CubeIDE_1.19.0/STM32CubeIDE/plugins/com.st.stm32cube.ide.mcu.externaltools.gnu-tools-for-stm32.13.3.rel1.win32_1.0.0.202411081344/tools/bin/../lib/gcc/arm-none-eabi/13.3.1/../../../../arm-none-eabi/lib/thumb/v7e-m+dp/hard\libc_nano.a(libc_a-lock.o)
                0x08007360                __retarget_lock_acquire_recursive
 .text.__retarget_lock_release_recursive
                0x08007362        0x2 C:/ST/STM32CubeIDE_1.19.0/STM32CubeIDE/plugins/com.st.stm32cube.ide.mcu.externaltools.gnu-tools-for-stm32.13.3.rel1.win32_1.0.0.202411081344/tools/bin/../lib/gcc/arm-none-eabi/13.3.1/../../../../arm-none-eabi/lib/thumb/v7e-m+dp/hard\libc_nano.a(libc_a-lock.o)
                0x08007362                __retarget_lock_release_recursive
 .text._free_r  0x08007364       0x94 C:/ST/STM32CubeIDE_1.19.0/STM32CubeIDE/plugins/com.st.stm32cube.ide.mcu.externaltools.gnu-tools-for-stm32.13.3.rel1.win32_1.0.0.202411081344/tools/bin/../lib/gcc/arm-none-eabi/13.3.1/../../../../arm-none-eabi/lib/thumb/v7e-m+dp/hard\libc_nano.a(libc_a-freer.o)
                0x08007364                _free_r
 .text.sbrk_aligned
                0x080073f8       0x44 C:/ST/STM32CubeIDE_1.19.0/STM32CubeIDE/plugins/com.st.stm32cube.ide.mcu.externaltools.gnu-tools-for-stm32.13.3.rel1.win32_1.0.0.202411081344/tools/bin/../lib/gcc/arm-none-eabi/13.3.1/../../../../arm-none-eabi/lib/thumb/v7e-m+dp/hard\libc_nano.a(libc_a-mallocr.o)
 .text._malloc_r
                0x0800743c      0x100 C:/ST/STM32CubeIDE_1.19.0/STM32CubeIDE/plugins/com.st.stm32cube.ide.mcu.externaltools.gnu-tools-for-stm32.13.3.rel1.win32_1.0.0.202411081344/tools/bin/../lib/gcc/arm-none-eabi/13.3.1/../../../../arm-none-eabi/lib/thumb/v7e-m+dp/hard\libc_nano.a(libc_a-mallocr.o)
                0x0800743c                _malloc_r
 .text.__malloc_lock
                0x0800753c        0xc C:/ST/STM32CubeIDE_1.19.0/STM32CubeIDE/plugins/com.st.stm32cube.ide.mcu.externaltools.gnu-tools-for-stm32.13.3.rel1.win32_1.0.0.202411081344/tools/bin/../lib/gcc/arm-none-eabi/13.3.1/../../../../arm-none-eabi/lib/thumb/v7e-m+dp/hard\libc_nano.a(libc_a-mlock.o)
                0x0800753c                __malloc_lock
 .text.__malloc_unlock
                0x08007548        0xc C:/ST/STM32CubeIDE_1.19.0/STM32CubeIDE/plugins/com.st.stm32cube.ide.mcu.externaltools.gnu-tools-for-stm32.13.3.rel1.win32_1.0.0.202411081344/tools/bin/../lib/gcc/arm-none-eabi/13.3.1/../../../../arm-none-eabi/lib/thumb/v7e-m+dp/hard\libc_nano.a(libc_a-mlock.o)
                0x08007548                __malloc_unlock
 .text.__ssputs_r
                0x08007554       0xb6 C:/ST/STM32CubeIDE_1.19.0/STM32CubeIDE/plugins/com.st.stm32cube.ide.mcu.externaltools.gnu-tools-for-stm32.13.3.rel1.win32_1.0.0.202411081344/tools/bin/../lib/gcc/arm-none-eabi/13.3.1/../../../../arm-none-eabi/lib/thumb/v7e-m+dp/hard\libc_nano.a(libc_a-nano-svfprintf.o)
                0x08007554                __ssputs_r
 *fill*         0x0800760a        0x2 
 .text._svfprintf_r
                0x0800760c      0x1f8 C:/ST/STM32CubeIDE_1.19.0/STM32CubeIDE/plugins/com.st.stm32cube.ide.mcu.externaltools.gnu-tools-for-stm32.13.3.rel1.win32_1.0.0.202411081344/tools/bin/../lib/gcc/arm-none-eabi/13.3.1/../../../../arm-none-eabi/lib/thumb/v7e-m+dp/hard\libc_nano.a(libc_a-nano-svfprintf.o)
                0x0800760c                _svfiprintf_r
                0x0800760c                _svfprintf_r
 .text._printf_common
                0x08007804       0xda C:/ST/STM32CubeIDE_1.19.0/STM32CubeIDE/plugins/com.st.stm32cube.ide.mcu.externaltools.gnu-tools-for-stm32.13.3.rel1.win32_1.0.0.202411081344/tools/bin/../lib/gcc/arm-none-eabi/13.3.1/../../../../arm-none-eabi/lib/thumb/v7e-m+dp/hard\libc_nano.a(libc_a-nano-vfprintf_i.o)
                0x08007804                _printf_common
 *fill*         0x080078de        0x2 
 .text._printf_i
                0x080078e0      0x23c C:/ST/STM32CubeIDE_1.19.0/STM32CubeIDE/plugins/com.st.stm32cube.ide.mcu.externaltools.gnu-tools-for-stm32.13.3.rel1.win32_1.0.0.202411081344/tools/bin/../lib/gcc/arm-none-eabi/13.3.1/../../../../arm-none-eabi/lib/thumb/v7e-m+dp/hard\libc_nano.a(libc_a-nano-vfprintf_i.o)
                0x080078e0                _printf_i
 .text.memmove  0x08007b1c       0x34 C:/ST/STM32CubeIDE_1.19.0/STM32CubeIDE/plugins/com.st.stm32cube.ide.mcu.externaltools.gnu-tools-for-stm32.13.3.rel1.win32_1.0.0.202411081344/tools/bin/../lib/gcc/arm-none-eabi/13.3.1/../../../../arm-none-eabi/lib/thumb/v7e-m+dp/hard\libc_nano.a(libc_a-memmove.o)
                0x08007b1c                memmove
 .text._sbrk_r  0x08007b50       0x20 C:/ST/STM32CubeIDE_1.19.0/STM32CubeIDE/plugins/com.st.stm32cube.ide.mcu.externaltools.gnu-tools-for-stm32.13.3.rel1.win32_1.0.0.202411081344/tools/bin/../lib/gcc/arm-none-eabi/13.3.1/../../../../arm-none-eabi/lib/thumb/v7e-m+dp/hard\libc_nano.a(libc_a-sbrkr.o)
                0x08007b50                _sbrk_r
 .text.memcpy   0x08007b70       0x1c C:/ST/STM32CubeIDE_1.19.0/STM32CubeIDE/plugins/com.st.stm32cube.ide.mcu.externaltools.gnu-tools-for-stm32.13.3.rel1.win32_1.0.0.202411081344/tools/bin/../lib/gcc/arm-none-eabi/13.3.1/../../../../arm-none-eabi/lib/thumb/v7e-m+dp/hard\libc_nano.a(libc_a-memcpy-stub.o)
                0x08007b70                memcpy
 .text._realloc_r
                0x08007b8c       0x5c C:/ST/STM32CubeIDE_1.19.0/STM32CubeIDE/plugins/com.st.stm32cube.ide.mcu.externaltools.gnu-tools-for-stm32.13.3.rel1.win32_1.0.0.202411081344/tools/bin/../lib/gcc/arm-none-eabi/13.3.1/../../../../arm-none-eabi/lib/thumb/v7e-m+dp/hard\libc_nano.a(libc_a-reallocr.o)
                0x08007b8c                _realloc_r
 .text._malloc_usable_size_r
                0x08007be8       0x10 C:/ST/STM32CubeIDE_1.19.0/STM32CubeIDE/plugins/com.st.stm32cube.ide.mcu.externaltools.gnu-tools-for-stm32.13.3.rel1.win32_1.0.0.202411081344/tools/bin/../lib/gcc/arm-none-eabi/13.3.1/../../../../arm-none-eabi/lib/thumb/v7e-m+dp/hard\libc_nano.a(libc_a-msizer.o)
                0x08007be8                _malloc_usable_size_r
 *(.glue_7)
 .glue_7        0x08007bf8        0x0 linker stubs
 *(.glue_7t)
 .glue_7t       0x08007bf8        0x0 linker stubs
 *(.eh_frame)
 .eh_frame      0x08007bf8        0x0 C:/ST/STM32CubeIDE_1.19.0/STM32CubeIDE/plugins/com.st.stm32cube.ide.mcu.externaltools.gnu-tools-for-stm32.13.3.rel1.win32_1.0.0.202411081344/tools/bin/../lib/gcc/arm-none-eabi/13.3.1/thumb/v7e-m+dp/hard/crtbegin.o
 *(.init)
 .init          0x08007bf8        0x4 C:/ST/STM32CubeIDE_1.19.0/STM32CubeIDE/plugins/com.st.stm32cube.ide.mcu.externaltools.gnu-tools-for-stm32.13.3.rel1.win32_1.0.0.202411081344/tools/bin/../lib/gcc/arm-none-eabi/13.3.1/thumb/v7e-m+dp/hard/crti.o
                0x08007bf8                _init
 .init          0x08007bfc        0x8 C:/ST/STM32CubeIDE_1.19.0/STM32CubeIDE/plugins/com.st.stm32cube.ide.mcu.externaltools.gnu-tools-for-stm32.13.3.rel1.win32_1.0.0.202411081344/tools/bin/../lib/gcc/arm-none-eabi/13.3.1/thumb/v7e-m+dp/hard/crtn.o
 *(.fini)
 .fini          0x08007c04        0x4 C:/ST/STM32CubeIDE_1.19.0/STM32CubeIDE/plugins/com.st.stm32cube.ide.mcu.externaltools.gnu-tools-for-stm32.13.3.rel1.win32_1.0.0.202411081344/tools/bin/../lib/gcc/arm-none-eabi/13.3.1/thumb/v7e-m+dp/hard/crti.o
                0x08007c04                _fini
 .fini          0x08007c08        0x8 C:/ST/STM32CubeIDE_1.19.0/STM32CubeIDE/plugins/com.st.stm32cube.ide.mcu.externaltools.gnu-tools-for-stm32.13.3.rel1.win32_1.0.0.202411081344/tools/bin/../lib/gcc/arm-none-eabi/13.3.1/thumb/v7e-m+dp/hard/crtn.o
                0x08007c10                        . = ALIGN (0x4)
                0x08007c10                        _etext = .

.vfp11_veneer   0x08007c10        0x0
 .vfp11_veneer  0x08007c10        0x0 linker stubs

.v4_bx          0x08007c10        0x0
 .v4_bx         0x08007c10        0x0 linker stubs

.iplt           0x08007c10        0x0
 .iplt          0x08007c10        0x0 C:/ST/STM32CubeIDE_1.19.0/STM32CubeIDE/plugins/com.st.stm32cube.ide.mcu.externaltools.gnu-tools-for-stm32.13.3.rel1.win32_1.0.0.202411081344/tools/bin/../lib/gcc/arm-none-eabi/13.3.1/thumb/v7e-m+dp/hard/crtbegin.o

.rodata         0x08007c10     0x1170
                0x08007c10                        . = ALIGN (0x4)
 *(.rodata)
 .rodata        0x08007c10       0xd1 ./Core/Src/main.o
 *(.rodata*)
 *fill*         0x08007ce1        0x3 
 .rodata.font   0x08007ce4      0x240 ./Core/Src/ILI9341/ILI9341_GFX.o
 .rodata.heart_icon
                0x08007f24      0x708 ./Core/Src/main.o
                0x08007f24                heart_icon
 .rodata.heart_icon_2
                0x0800862c      0x708 ./Core/Src/main.o
                0x0800862c                heart_icon_2
 .rodata.AHBPrescTable
                0x08008d34       0x10 ./Core/Src/system_stm32f7xx.o
                0x08008d34                AHBPrescTable
 .rodata.APBPrescTable
                0x08008d44        0x8 ./Core/Src/system_stm32f7xx.o
                0x08008d44                APBPrescTable
 .rodata._svfprintf_r.str1.1
                0x08008d4c       0x33 C:/ST/STM32CubeIDE_1.19.0/STM32CubeIDE/plugins/com.st.stm32cube.ide.mcu.externaltools.gnu-tools-for-stm32.13.3.rel1.win32_1.0.0.202411081344/tools/bin/../lib/gcc/arm-none-eabi/13.3.1/../../../../arm-none-eabi/lib/thumb/v7e-m+dp/hard\libc_nano.a(libc_a-nano-svfprintf.o)
                                 0x11 (size before relaxing)
 .rodata._printf_i.str1.1
                0x08008d7f       0x22 C:/ST/STM32CubeIDE_1.19.0/STM32CubeIDE/plugins/com.st.stm32cube.ide.mcu.externaltools.gnu-tools-for-stm32.13.3.rel1.win32_1.0.0.202411081344/tools/bin/../lib/gcc/arm-none-eabi/13.3.1/../../../../arm-none-eabi/lib/thumb/v7e-m+dp/hard\libc_nano.a(libc_a-nano-vfprintf_i.o)
                0x08008da4                        . = ALIGN (0x4)
 *fill*         0x08008d7f        0x1 

.ARM.extab      0x08008d80        0x0
                0x08008d80                        . = ALIGN (0x4)
 *(.ARM.extab* .gnu.linkonce.armextab.*)
                0x08008d80                        . = ALIGN (0x4)

.ARM            0x08008d80        0x8
                0x08008d80                        . = ALIGN (0x4)
                0x08008d80                        __exidx_start = .
 *(.ARM.exidx*)
 .ARM.exidx     0x08008d80        0x8 C:/ST/STM32CubeIDE_1.19.0/STM32CubeIDE/plugins/com.st.stm32cube.ide.mcu.externaltools.gnu-tools-for-stm32.13.3.rel1.win32_1.0.0.202411081344/tools/bin/../lib/gcc/arm-none-eabi/13.3.1/../../../../arm-none-eabi/lib/thumb/v7e-m+dp/hard\libc_nano.a(libc_a-memchr.o)
 .ARM.exidx     0x08008d88        0x0 C:/ST/STM32CubeIDE_1.19.0/STM32CubeIDE/plugins/com.st.stm32cube.ide.mcu.externaltools.gnu-tools-for-stm32.13.3.rel1.win32_1.0.0.202411081344/tools/bin/../lib/gcc/arm-none-eabi/13.3.1/thumb/v7e-m+dp/hard\libgcc.a(_udivmoddi4.o)
                                  0x8 (size before relaxing)
                0x08008d88                        __exidx_end = .
                0x08008d88                        . = ALIGN (0x4)

.preinit_array  0x08008d88        0x0
                0x08008d88                        . = ALIGN (0x4)
                0x08008d88                        PROVIDE (__preinit_array_start = .)
 *(.preinit_array*)
                0x08008d88                        PROVIDE (__preinit_array_end = .)
                0x08008d88                        . = ALIGN (0x4)

.init_array     0x08008d88        0x4
                0x08008d88                        . = ALIGN (0x4)
                0x08008d88                        PROVIDE (__init_array_start = .)
 *(SORT_BY_NAME(.init_array.*))
 *(.init_array*)
 .init_array    0x08008d88        0x4 C:/ST/STM32CubeIDE_1.19.0/STM32CubeIDE/plugins/com.st.stm32cube.ide.mcu.externaltools.gnu-tools-for-stm32.13.3.rel1.win32_1.0.0.202411081344/tools/bin/../lib/gcc/arm-none-eabi/13.3.1/thumb/v7e-m+dp/hard/crtbegin.o
                0x08008d8c                        PROVIDE (__init_array_end = .)
                0x08008d8c                        . = ALIGN (0x4)

.fini_array     0x08008d8c        0x4
                0x08008d8c                        . = ALIGN (0x4)
                [!provide]                        PROVIDE (__fini_array_start = .)
 *(SORT_BY_NAME(.fini_array.*))
 *(.fini_array*)
 .fini_array    0x08008d8c        0x4 C:/ST/STM32CubeIDE_1.19.0/STM32CubeIDE/plugins/com.st.stm32cube.ide.mcu.externaltools.gnu-tools-for-stm32.13.3.rel1.win32_1.0.0.202411081344/tools/bin/../lib/gcc/arm-none-eabi/13.3.1/thumb/v7e-m+dp/hard/crtbegin.o
                [!provide]                        PROVIDE (__fini_array_end = .)
                0x08008d90                        . = ALIGN (0x4)
                0x08008d90                        _sidata = LOADADDR (.data)

.rel.dyn        0x08008d90        0x0
 .rel.iplt      0x08008d90        0x0 C:/ST/STM32CubeIDE_1.19.0/STM32CubeIDE/plugins/com.st.stm32cube.ide.mcu.externaltools.gnu-tools-for-stm32.13.3.rel1.win32_1.0.0.202411081344/tools/bin/../lib/gcc/arm-none-eabi/13.3.1/thumb/v7e-m+dp/hard/crtbegin.o

.data           0x20000000       0x68 load address 0x08008d90
                0x20000000                        . = ALIGN (0x4)
                0x20000000                        _sdata = .
 *(.data)
 *(.data*)
 .data.LCD_HEIGHT
                0x20000000        0x2 ./Core/Src/ILI9341/ILI9341_STM32_Driver.o
                0x20000000                LCD_HEIGHT
 .data.LCD_WIDTH
                0x20000002        0x2 ./Core/Src/ILI9341/ILI9341_STM32_Driver.o
                0x20000002                LCD_WIDTH
 .data.p1_hp    0x20000004        0x1 ./Core/Src/main.o
                0x20000004                p1_hp
 .data.p2_hp    0x20000005        0x1 ./Core/Src/main.o
                0x20000005                p2_hp
 .data.hp_pos_y
                0x20000006        0x1 ./Core/Src/main.o
                0x20000006                hp_pos_y
 .data.hp_size  0x20000007        0x1 ./Core/Src/main.o
                0x20000007                hp_size
 .data.p_pos_y  0x20000008        0x1 ./Core/Src/main.o
                0x20000008                p_pos_y
 .data.p1_pos_x
                0x20000009        0x1 ./Core/Src/main.o
                0x20000009                p1_pos_x
 .data.p2_pos_x
                0x2000000a        0x1 ./Core/Src/main.o
                0x2000000a                p2_pos_x
 *fill*         0x2000000b        0x1 
 .data.SystemCoreClock
                0x2000000c        0x4 ./Core/Src/system_stm32f7xx.o
                0x2000000c                SystemCoreClock
 .data.uwTickPrio
                0x20000010        0x4 ./Drivers/STM32F7xx_HAL_Driver/Src/stm32f7xx_hal.o
                0x20000010                uwTickPrio
 .data.uwTickFreq
                0x20000014        0x1 ./Drivers/STM32F7xx_HAL_Driver/Src/stm32f7xx_hal.o
                0x20000014                uwTickFreq
 *fill*         0x20000015        0x3 
 .data._impure_ptr
                0x20000018        0x4 C:/ST/STM32CubeIDE_1.19.0/STM32CubeIDE/plugins/com.st.stm32cube.ide.mcu.externaltools.gnu-tools-for-stm32.13.3.rel1.win32_1.0.0.202411081344/tools/bin/../lib/gcc/arm-none-eabi/13.3.1/../../../../arm-none-eabi/lib/thumb/v7e-m+dp/hard\libc_nano.a(libc_a-impure.o)
                0x20000018                _impure_ptr
 .data._impure_data
                0x2000001c       0x4c C:/ST/STM32CubeIDE_1.19.0/STM32CubeIDE/plugins/com.st.stm32cube.ide.mcu.externaltools.gnu-tools-for-stm32.13.3.rel1.win32_1.0.0.202411081344/tools/bin/../lib/gcc/arm-none-eabi/13.3.1/../../../../arm-none-eabi/lib/thumb/v7e-m+dp/hard\libc_nano.a(libc_a-impure.o)
                0x2000001c                _impure_data
 *(.RamFunc)
 *(.RamFunc*)
                0x20000068                        . = ALIGN (0x4)
                0x20000068                        _edata = .

.igot.plt       0x20000068        0x0 load address 0x08008df8
 .igot.plt      0x20000068        0x0 C:/ST/STM32CubeIDE_1.19.0/STM32CubeIDE/plugins/com.st.stm32cube.ide.mcu.externaltools.gnu-tools-for-stm32.13.3.rel1.win32_1.0.0.202411081344/tools/bin/../lib/gcc/arm-none-eabi/13.3.1/thumb/v7e-m+dp/hard/crtbegin.o
                0x20000068                        . = ALIGN (0x4)

.bss            0x20000068      0x44c load address 0x08008df8
                0x20000068                        _sbss = .
                0x20000068                        __bss_start__ = _sbss
 *(.bss)
 .bss           0x20000068       0x1c C:/ST/STM32CubeIDE_1.19.0/STM32CubeIDE/plugins/com.st.stm32cube.ide.mcu.externaltools.gnu-tools-for-stm32.13.3.rel1.win32_1.0.0.202411081344/tools/bin/../lib/gcc/arm-none-eabi/13.3.1/thumb/v7e-m+dp/hard/crtbegin.o
 *(.bss*)
 .bss.hadc1     0x20000084       0x48 ./Core/Src/adc.o
                0x20000084                hadc1
 .bss.hadc2     0x200000cc       0x48 ./Core/Src/adc.o
                0x200000cc                hadc2
 .bss.p1_controller
                0x20000114        0x2 ./Core/Src/main.o
                0x20000114                p1_controller
 .bss.p2_controller
                0x20000116        0x2 ./Core/Src/main.o
                0x20000116                p2_controller
 .bss.timer_count
                0x20000118        0x4 ./Core/Src/main.o
                0x20000118                timer_count
 .bss.timer     0x2000011c        0x4 ./Core/Src/main.o
                0x2000011c                timer
 .bss.last_timer
                0x20000120        0x4 ./Core/Src/main.o
                0x20000120                last_timer
 .bss.game_state
                0x20000124        0x1 ./Core/Src/main.o
                0x20000124                game_state
 .bss.p1_ready  0x20000125        0x1 ./Core/Src/main.o
                0x20000125                p1_ready
 .bss.p2_ready  0x20000126        0x1 ./Core/Src/main.o
                0x20000126                p2_ready
 .bss.p1_btn_flag
                0x20000127        0x1 ./Core/Src/main.o
                0x20000127                p1_btn_flag
 .bss.p1_sensor_flag
                0x20000128        0x1 ./Core/Src/main.o
                0x20000128                p1_sensor_flag
 .bss.p1_punch_val
                0x20000129        0x1 ./Core/Src/main.o
                0x20000129                p1_punch_val
 .bss.p2_btn_flag
                0x2000012a        0x1 ./Core/Src/main.o
                0x2000012a                p2_btn_flag
 .bss.p2_sensor_flag
                0x2000012b        0x1 ./Core/Src/main.o
                0x2000012b                p2_sensor_flag
 .bss.p2_punch_val
                0x2000012c        0x1 ./Core/Src/main.o
                0x2000012c                p2_punch_val
 *fill*         0x2000012d        0x3 
 .bss.last_blink
                0x20000130        0x4 ./Core/Src/main.o
                0x20000130                last_blink
 .bss.animate_timer
                0x20000134        0x1 ./Core/Src/main.o
                0x20000134                animate_timer
 *fill*         0x20000135        0x3 
 .bss.hrng      0x20000138       0x10 ./Core/Src/rng.o
                0x20000138                hrng
 .bss.hspi5     0x20000148       0x64 ./Core/Src/spi.o
                0x20000148                hspi5
 .bss.__sbrk_heap_end
                0x200001ac        0x4 ./Core/Src/sysmem.o
 .bss.htim1     0x200001b0       0x4c ./Core/Src/tim.o
                0x200001b0                htim1
 .bss.htim2     0x200001fc       0x4c ./Core/Src/tim.o
                0x200001fc                htim2
 .bss.htim3     0x20000248       0x4c ./Core/Src/tim.o
                0x20000248                htim3
 .bss.htim4     0x20000294       0x4c ./Core/Src/tim.o
                0x20000294                htim4
 .bss.huart3    0x200002e0       0x88 ./Core/Src/usart.o
                0x200002e0                huart3
 .bss.uwTick    0x20000368        0x4 ./Drivers/STM32F7xx_HAL_Driver/Src/stm32f7xx_hal.o
                0x20000368                uwTick
 .bss.__sf      0x2000036c      0x138 C:/ST/STM32CubeIDE_1.19.0/STM32CubeIDE/plugins/com.st.stm32cube.ide.mcu.externaltools.gnu-tools-for-stm32.13.3.rel1.win32_1.0.0.202411081344/tools/bin/../lib/gcc/arm-none-eabi/13.3.1/../../../../arm-none-eabi/lib/thumb/v7e-m+dp/hard\libc_nano.a(libc_a-findfp.o)
                0x2000036c                __sf
 .bss.errno     0x200004a4        0x4 C:/ST/STM32CubeIDE_1.19.0/STM32CubeIDE/plugins/com.st.stm32cube.ide.mcu.externaltools.gnu-tools-for-stm32.13.3.rel1.win32_1.0.0.202411081344/tools/bin/../lib/gcc/arm-none-eabi/13.3.1/../../../../arm-none-eabi/lib/thumb/v7e-m+dp/hard\libc_nano.a(libc_a-reent.o)
                0x200004a4                errno
 .bss.__lock___malloc_recursive_mutex
                0x200004a8        0x1 C:/ST/STM32CubeIDE_1.19.0/STM32CubeIDE/plugins/com.st.stm32cube.ide.mcu.externaltools.gnu-tools-for-stm32.13.3.rel1.win32_1.0.0.202411081344/tools/bin/../lib/gcc/arm-none-eabi/13.3.1/../../../../arm-none-eabi/lib/thumb/v7e-m+dp/hard\libc_nano.a(libc_a-lock.o)
                0x200004a8                __lock___malloc_recursive_mutex
 *fill*         0x200004a9        0x3 
 .bss.__malloc_sbrk_start
                0x200004ac        0x4 C:/ST/STM32CubeIDE_1.19.0/STM32CubeIDE/plugins/com.st.stm32cube.ide.mcu.externaltools.gnu-tools-for-stm32.13.3.rel1.win32_1.0.0.202411081344/tools/bin/../lib/gcc/arm-none-eabi/13.3.1/../../../../arm-none-eabi/lib/thumb/v7e-m+dp/hard\libc_nano.a(libc_a-mallocr.o)
                0x200004ac                __malloc_sbrk_start
 .bss.__malloc_free_list
                0x200004b0        0x4 C:/ST/STM32CubeIDE_1.19.0/STM32CubeIDE/plugins/com.st.stm32cube.ide.mcu.externaltools.gnu-tools-for-stm32.13.3.rel1.win32_1.0.0.202411081344/tools/bin/../lib/gcc/arm-none-eabi/13.3.1/../../../../arm-none-eabi/lib/thumb/v7e-m+dp/hard\libc_nano.a(libc_a-mallocr.o)
                0x200004b0                __malloc_free_list
 *(COMMON)
                0x200004b4                        . = ALIGN (0x4)
                0x200004b4                        _ebss = .
                0x200004b4                        __bss_end__ = _ebss

._user_heap_stack
                0x200004b4      0x604 load address 0x08008df8
                0x200004b8                        . = ALIGN (0x8)
 *fill*         0x200004b4        0x4 
                [!provide]                        PROVIDE (end = .)
                0x200004b8                        PROVIDE (_end = .)
                0x200006b8                        . = (. + _Min_Heap_Size)
 *fill*         0x200004b8      0x200 
                0x20000ab8                        . = (. + _Min_Stack_Size)
 *fill*         0x200006b8      0x400 
                0x20000ab8                        . = ALIGN (0x8)

/DISCARD/
 libc.a(*)
 libm.a(*)
 libgcc.a(*)

.ARM.attributes
                0x00000000       0x2e
 *(.ARM.attributes)
 .ARM.attributes
                0x00000000       0x20 C:/ST/STM32CubeIDE_1.19.0/STM32CubeIDE/plugins/com.st.stm32cube.ide.mcu.externaltools.gnu-tools-for-stm32.13.3.rel1.win32_1.0.0.202411081344/tools/bin/../lib/gcc/arm-none-eabi/13.3.1/thumb/v7e-m+dp/hard/crti.o
 .ARM.attributes
                0x00000020       0x32 C:/ST/STM32CubeIDE_1.19.0/STM32CubeIDE/plugins/com.st.stm32cube.ide.mcu.externaltools.gnu-tools-for-stm32.13.3.rel1.win32_1.0.0.202411081344/tools/bin/../lib/gcc/arm-none-eabi/13.3.1/thumb/v7e-m+dp/hard/crtbegin.o
 .ARM.attributes
                0x00000052       0x32 ./Core/Src/ILI9341/ILI9341_GFX.o
 .ARM.attributes
                0x00000084       0x32 ./Core/Src/ILI9341/ILI9341_STM32_Driver.o
 .ARM.attributes
                0x000000b6       0x32 ./Core/Src/adc.o
 .ARM.attributes
                0x000000e8       0x32 ./Core/Src/gpio.o
 .ARM.attributes
                0x0000011a       0x32 ./Core/Src/main.o
 .ARM.attributes
                0x0000014c       0x32 ./Core/Src/rng.o
 .ARM.attributes
                0x0000017e       0x32 ./Core/Src/spi.o
 .ARM.attributes
                0x000001b0       0x32 ./Core/Src/stm32f7xx_hal_msp.o
 .ARM.attributes
                0x000001e2       0x32 ./Core/Src/stm32f7xx_it.o
 .ARM.attributes
                0x00000214       0x32 ./Core/Src/sysmem.o
 .ARM.attributes
                0x00000246       0x32 ./Core/Src/system_stm32f7xx.o
 .ARM.attributes
                0x00000278       0x32 ./Core/Src/tim.o
 .ARM.attributes
                0x000002aa       0x32 ./Core/Src/usart.o
 .ARM.attributes
                0x000002dc       0x21 ./Core/Startup/startup_stm32f767zitx.o
 .ARM.attributes
                0x000002fd       0x32 ./Drivers/STM32F7xx_HAL_Driver/Src/stm32f7xx_hal.o
 .ARM.attributes
                0x0000032f       0x32 ./Drivers/STM32F7xx_HAL_Driver/Src/stm32f7xx_hal_adc.o
 .ARM.attributes
                0x00000361       0x32 ./Drivers/STM32F7xx_HAL_Driver/Src/stm32f7xx_hal_cortex.o
 .ARM.attributes
                0x00000393       0x32 ./Drivers/STM32F7xx_HAL_Driver/Src/stm32f7xx_hal_gpio.o
 .ARM.attributes
                0x000003c5       0x32 ./Drivers/STM32F7xx_HAL_Driver/Src/stm32f7xx_hal_pwr_ex.o
 .ARM.attributes
                0x000003f7       0x32 ./Drivers/STM32F7xx_HAL_Driver/Src/stm32f7xx_hal_rcc.o
 .ARM.attributes
                0x00000429       0x32 ./Drivers/STM32F7xx_HAL_Driver/Src/stm32f7xx_hal_rcc_ex.o
 .ARM.attributes
                0x0000045b       0x32 ./Drivers/STM32F7xx_HAL_Driver/Src/stm32f7xx_hal_rng.o
 .ARM.attributes
                0x0000048d       0x32 ./Drivers/STM32F7xx_HAL_Driver/Src/stm32f7xx_hal_spi.o
 .ARM.attributes
                0x000004bf       0x32 ./Drivers/STM32F7xx_HAL_Driver/Src/stm32f7xx_hal_tim.o
 .ARM.attributes
                0x000004f1       0x32 ./Drivers/STM32F7xx_HAL_Driver/Src/stm32f7xx_hal_tim_ex.o
 .ARM.attributes
                0x00000523       0x32 ./Drivers/STM32F7xx_HAL_Driver/Src/stm32f7xx_hal_uart.o
 .ARM.attributes
                0x00000555       0x32 C:/ST/STM32CubeIDE_1.19.0/STM32CubeIDE/plugins/com.st.stm32cube.ide.mcu.externaltools.gnu-tools-for-stm32.13.3.rel1.win32_1.0.0.202411081344/tools/bin/../lib/gcc/arm-none-eabi/13.3.1/../../../../arm-none-eabi/lib/thumb/v7e-m+dp/hard\libc_nano.a(libc_a-findfp.o)
 .ARM.attributes
                0x00000587       0x32 C:/ST/STM32CubeIDE_1.19.0/STM32CubeIDE/plugins/com.st.stm32cube.ide.mcu.externaltools.gnu-tools-for-stm32.13.3.rel1.win32_1.0.0.202411081344/tools/bin/../lib/gcc/arm-none-eabi/13.3.1/../../../../arm-none-eabi/lib/thumb/v7e-m+dp/hard\libc_nano.a(libc_a-sprintf.o)
 .ARM.attributes
                0x000005b9       0x32 C:/ST/STM32CubeIDE_1.19.0/STM32CubeIDE/plugins/com.st.stm32cube.ide.mcu.externaltools.gnu-tools-for-stm32.13.3.rel1.win32_1.0.0.202411081344/tools/bin/../lib/gcc/arm-none-eabi/13.3.1/../../../../arm-none-eabi/lib/thumb/v7e-m+dp/hard\libc_nano.a(libc_a-memset.o)
 .ARM.attributes
                0x000005eb       0x32 C:/ST/STM32CubeIDE_1.19.0/STM32CubeIDE/plugins/com.st.stm32cube.ide.mcu.externaltools.gnu-tools-for-stm32.13.3.rel1.win32_1.0.0.202411081344/tools/bin/../lib/gcc/arm-none-eabi/13.3.1/../../../../arm-none-eabi/lib/thumb/v7e-m+dp/hard\libc_nano.a(libc_a-reent.o)
 .ARM.attributes
                0x0000061d       0x32 C:/ST/STM32CubeIDE_1.19.0/STM32CubeIDE/plugins/com.st.stm32cube.ide.mcu.externaltools.gnu-tools-for-stm32.13.3.rel1.win32_1.0.0.202411081344/tools/bin/../lib/gcc/arm-none-eabi/13.3.1/../../../../arm-none-eabi/lib/thumb/v7e-m+dp/hard\libc_nano.a(libc_a-impure.o)
 .ARM.attributes
                0x0000064f       0x32 C:/ST/STM32CubeIDE_1.19.0/STM32CubeIDE/plugins/com.st.stm32cube.ide.mcu.externaltools.gnu-tools-for-stm32.13.3.rel1.win32_1.0.0.202411081344/tools/bin/../lib/gcc/arm-none-eabi/13.3.1/../../../../arm-none-eabi/lib/thumb/v7e-m+dp/hard\libc_nano.a(libc_a-errno.o)
 .ARM.attributes
                0x00000681       0x32 C:/ST/STM32CubeIDE_1.19.0/STM32CubeIDE/plugins/com.st.stm32cube.ide.mcu.externaltools.gnu-tools-for-stm32.13.3.rel1.win32_1.0.0.202411081344/tools/bin/../lib/gcc/arm-none-eabi/13.3.1/../../../../arm-none-eabi/lib/thumb/v7e-m+dp/hard\libc_nano.a(libc_a-init.o)
 .ARM.attributes
                0x000006b3       0x32 C:/ST/STM32CubeIDE_1.19.0/STM32CubeIDE/plugins/com.st.stm32cube.ide.mcu.externaltools.gnu-tools-for-stm32.13.3.rel1.win32_1.0.0.202411081344/tools/bin/../lib/gcc/arm-none-eabi/13.3.1/../../../../arm-none-eabi/lib/thumb/v7e-m+dp/hard\libc_nano.a(libc_a-lock.o)
 .ARM.attributes
                0x000006e5       0x32 C:/ST/STM32CubeIDE_1.19.0/STM32CubeIDE/plugins/com.st.stm32cube.ide.mcu.externaltools.gnu-tools-for-stm32.13.3.rel1.win32_1.0.0.202411081344/tools/bin/../lib/gcc/arm-none-eabi/13.3.1/../../../../arm-none-eabi/lib/thumb/v7e-m+dp/hard\libc_nano.a(libc_a-freer.o)
 .ARM.attributes
                0x00000717       0x32 C:/ST/STM32CubeIDE_1.19.0/STM32CubeIDE/plugins/com.st.stm32cube.ide.mcu.externaltools.gnu-tools-for-stm32.13.3.rel1.win32_1.0.0.202411081344/tools/bin/../lib/gcc/arm-none-eabi/13.3.1/../../../../arm-none-eabi/lib/thumb/v7e-m+dp/hard\libc_nano.a(libc_a-mallocr.o)
 .ARM.attributes
                0x00000749       0x32 C:/ST/STM32CubeIDE_1.19.0/STM32CubeIDE/plugins/com.st.stm32cube.ide.mcu.externaltools.gnu-tools-for-stm32.13.3.rel1.win32_1.0.0.202411081344/tools/bin/../lib/gcc/arm-none-eabi/13.3.1/../../../../arm-none-eabi/lib/thumb/v7e-m+dp/hard\libc_nano.a(libc_a-mlock.o)
 .ARM.attributes
                0x0000077b       0x32 C:/ST/STM32CubeIDE_1.19.0/STM32CubeIDE/plugins/com.st.stm32cube.ide.mcu.externaltools.gnu-tools-for-stm32.13.3.rel1.win32_1.0.0.202411081344/tools/bin/../lib/gcc/arm-none-eabi/13.3.1/../../../../arm-none-eabi/lib/thumb/v7e-m+dp/hard\libc_nano.a(libc_a-nano-svfprintf.o)
 .ARM.attributes
                0x000007ad       0x32 C:/ST/STM32CubeIDE_1.19.0/STM32CubeIDE/plugins/com.st.stm32cube.ide.mcu.externaltools.gnu-tools-for-stm32.13.3.rel1.win32_1.0.0.202411081344/tools/bin/../lib/gcc/arm-none-eabi/13.3.1/../../../../arm-none-eabi/lib/thumb/v7e-m+dp/hard\libc_nano.a(libc_a-nano-vfprintf_i.o)
 .ARM.attributes
                0x000007df       0x32 C:/ST/STM32CubeIDE_1.19.0/STM32CubeIDE/plugins/com.st.stm32cube.ide.mcu.externaltools.gnu-tools-for-stm32.13.3.rel1.win32_1.0.0.202411081344/tools/bin/../lib/gcc/arm-none-eabi/13.3.1/../../../../arm-none-eabi/lib/thumb/v7e-m+dp/hard\libc_nano.a(libc_a-memmove.o)
 .ARM.attributes
                0x00000811       0x32 C:/ST/STM32CubeIDE_1.19.0/STM32CubeIDE/plugins/com.st.stm32cube.ide.mcu.externaltools.gnu-tools-for-stm32.13.3.rel1.win32_1.0.0.202411081344/tools/bin/../lib/gcc/arm-none-eabi/13.3.1/../../../../arm-none-eabi/lib/thumb/v7e-m+dp/hard\libc_nano.a(libc_a-sbrkr.o)
 .ARM.attributes
                0x00000843       0x1c C:/ST/STM32CubeIDE_1.19.0/STM32CubeIDE/plugins/com.st.stm32cube.ide.mcu.externaltools.gnu-tools-for-stm32.13.3.rel1.win32_1.0.0.202411081344/tools/bin/../lib/gcc/arm-none-eabi/13.3.1/../../../../arm-none-eabi/lib/thumb/v7e-m+dp/hard\libc_nano.a(libc_a-memchr.o)
 .ARM.attributes
                0x0000085f       0x32 C:/ST/STM32CubeIDE_1.19.0/STM32CubeIDE/plugins/com.st.stm32cube.ide.mcu.externaltools.gnu-tools-for-stm32.13.3.rel1.win32_1.0.0.202411081344/tools/bin/../lib/gcc/arm-none-eabi/13.3.1/../../../../arm-none-eabi/lib/thumb/v7e-m+dp/hard\libc_nano.a(libc_a-memcpy-stub.o)
 .ARM.attributes
                0x00000891       0x32 C:/ST/STM32CubeIDE_1.19.0/STM32CubeIDE/plugins/com.st.stm32cube.ide.mcu.externaltools.gnu-tools-for-stm32.13.3.rel1.win32_1.0.0.202411081344/tools/bin/../lib/gcc/arm-none-eabi/13.3.1/../../../../arm-none-eabi/lib/thumb/v7e-m+dp/hard\libc_nano.a(libc_a-reallocr.o)
 .ARM.attributes
                0x000008c3       0x32 C:/ST/STM32CubeIDE_1.19.0/STM32CubeIDE/plugins/com.st.stm32cube.ide.mcu.externaltools.gnu-tools-for-stm32.13.3.rel1.win32_1.0.0.202411081344/tools/bin/../lib/gcc/arm-none-eabi/13.3.1/../../../../arm-none-eabi/lib/thumb/v7e-m+dp/hard\libc_nano.a(libc_a-msizer.o)
 .ARM.attributes
                0x000008f5       0x20 C:/ST/STM32CubeIDE_1.19.0/STM32CubeIDE/plugins/com.st.stm32cube.ide.mcu.externaltools.gnu-tools-for-stm32.13.3.rel1.win32_1.0.0.202411081344/tools/bin/../lib/gcc/arm-none-eabi/13.3.1/thumb/v7e-m+dp/hard\libgcc.a(_aeabi_uldivmod.o)
 .ARM.attributes
                0x00000915       0x32 C:/ST/STM32CubeIDE_1.19.0/STM32CubeIDE/plugins/com.st.stm32cube.ide.mcu.externaltools.gnu-tools-for-stm32.13.3.rel1.win32_1.0.0.202411081344/tools/bin/../lib/gcc/arm-none-eabi/13.3.1/thumb/v7e-m+dp/hard\libgcc.a(_udivmoddi4.o)
 .ARM.attributes
                0x00000947       0x20 C:/ST/STM32CubeIDE_1.19.0/STM32CubeIDE/plugins/com.st.stm32cube.ide.mcu.externaltools.gnu-tools-for-stm32.13.3.rel1.win32_1.0.0.202411081344/tools/bin/../lib/gcc/arm-none-eabi/13.3.1/thumb/v7e-m+dp/hard\libgcc.a(_dvmd_tls.o)
 .ARM.attributes
                0x00000967       0x20 C:/ST/STM32CubeIDE_1.19.0/STM32CubeIDE/plugins/com.st.stm32cube.ide.mcu.externaltools.gnu-tools-for-stm32.13.3.rel1.win32_1.0.0.202411081344/tools/bin/../lib/gcc/arm-none-eabi/13.3.1/thumb/v7e-m+dp/hard/crtn.o
OUTPUT(Boxer_Project.elf elf32-littlearm)
LOAD linker stubs
LOAD C:/ST/STM32CubeIDE_1.19.0/STM32CubeIDE/plugins/com.st.stm32cube.ide.mcu.externaltools.gnu-tools-for-stm32.13.3.rel1.win32_1.0.0.202411081344/tools/bin/../lib/gcc/arm-none-eabi/13.3.1/../../../../arm-none-eabi/lib/thumb/v7e-m+dp/hard\libc.a
LOAD C:/ST/STM32CubeIDE_1.19.0/STM32CubeIDE/plugins/com.st.stm32cube.ide.mcu.externaltools.gnu-tools-for-stm32.13.3.rel1.win32_1.0.0.202411081344/tools/bin/../lib/gcc/arm-none-eabi/13.3.1/../../../../arm-none-eabi/lib/thumb/v7e-m+dp/hard\libm.a
LOAD C:/ST/STM32CubeIDE_1.19.0/STM32CubeIDE/plugins/com.st.stm32cube.ide.mcu.externaltools.gnu-tools-for-stm32.13.3.rel1.win32_1.0.0.202411081344/tools/bin/../lib/gcc/arm-none-eabi/13.3.1/thumb/v7e-m+dp/hard\libgcc.a

.debug_info     0x00000000    0x167f7
 .debug_info    0x00000000      0xd98 ./Core/Src/ILI9341/ILI9341_GFX.o
 .debug_info    0x00000d98      0xb1a ./Core/Src/ILI9341/ILI9341_STM32_Driver.o
 .debug_info    0x000018b2      0xa26 ./Core/Src/adc.o
 .debug_info    0x000022d8      0x760 ./Core/Src/gpio.o
 .debug_info    0x00002a38     0x1ed1 ./Core/Src/main.o
 .debug_info    0x00004909      0x66d ./Core/Src/rng.o
 .debug_info    0x00004f76      0x998 ./Core/Src/spi.o
 .debug_info    0x0000590e      0x28d ./Core/Src/stm32f7xx_hal_msp.o
 .debug_info    0x00005b9b      0x876 ./Core/Src/stm32f7xx_it.o
 .debug_info    0x00006411      0x168 ./Core/Src/sysmem.o
 .debug_info    0x00006579      0x6ed ./Core/Src/system_stm32f7xx.o
 .debug_info    0x00006c66     0x10e9 ./Core/Src/tim.o
 .debug_info    0x00007d4f      0xc81 ./Core/Src/usart.o
 .debug_info    0x000089d0       0x30 ./Core/Startup/startup_stm32f767zitx.o
 .debug_info    0x00008a00      0xac3 ./Drivers/STM32F7xx_HAL_Driver/Src/stm32f7xx_hal.o
 .debug_info    0x000094c3      0xc92 ./Drivers/STM32F7xx_HAL_Driver/Src/stm32f7xx_hal_adc.o
 .debug_info    0x0000a155      0xfc0 ./Drivers/STM32F7xx_HAL_Driver/Src/stm32f7xx_hal_cortex.o
 .debug_info    0x0000b115      0x6f3 ./Drivers/STM32F7xx_HAL_Driver/Src/stm32f7xx_hal_gpio.o
 .debug_info    0x0000b808      0x8cd ./Drivers/STM32F7xx_HAL_Driver/Src/stm32f7xx_hal_pwr_ex.o
 .debug_info    0x0000c0d5      0x94b ./Drivers/STM32F7xx_HAL_Driver/Src/stm32f7xx_hal_rcc.o
 .debug_info    0x0000ca20      0x6e1 ./Drivers/STM32F7xx_HAL_Driver/Src/stm32f7xx_hal_rcc_ex.o
 .debug_info    0x0000d101      0x493 ./Drivers/STM32F7xx_HAL_Driver/Src/stm32f7xx_hal_rng.o
 .debug_info    0x0000d594     0x15c0 ./Drivers/STM32F7xx_HAL_Driver/Src/stm32f7xx_hal_spi.o
 .debug_info    0x0000eb54     0x2ad5 ./Drivers/STM32F7xx_HAL_Driver/Src/stm32f7xx_hal_tim.o
 .debug_info    0x00011629     0x16bb ./Drivers/STM32F7xx_HAL_Driver/Src/stm32f7xx_hal_tim_ex.o
 .debug_info    0x00012ce4     0x3b13 ./Drivers/STM32F7xx_HAL_Driver/Src/stm32f7xx_hal_uart.o

.debug_abbrev   0x00000000     0x34fe
 .debug_abbrev  0x00000000      0x268 ./Core/Src/ILI9341/ILI9341_GFX.o
 .debug_abbrev  0x00000268      0x281 ./Core/Src/ILI9341/ILI9341_STM32_Driver.o
 .debug_abbrev  0x000004e9      0x1f7 ./Core/Src/adc.o
 .debug_abbrev  0x000006e0      0x174 ./Core/Src/gpio.o
 .debug_abbrev  0x00000854      0x421 ./Core/Src/main.o
 .debug_abbrev  0x00000c75      0x1b6 ./Core/Src/rng.o
 .debug_abbrev  0x00000e2b      0x1fa ./Core/Src/spi.o
 .debug_abbrev  0x00001025       0xd8 ./Core/Src/stm32f7xx_hal_msp.o
 .debug_abbrev  0x000010fd      0x1aa ./Core/Src/stm32f7xx_it.o
 .debug_abbrev  0x000012a7       0xbc ./Core/Src/sysmem.o
 .debug_abbrev  0x00001363      0x13b ./Core/Src/system_stm32f7xx.o
 .debug_abbrev  0x0000149e      0x26c ./Core/Src/tim.o
 .debug_abbrev  0x0000170a      0x1f9 ./Core/Src/usart.o
 .debug_abbrev  0x00001903       0x24 ./Core/Startup/startup_stm32f767zitx.o
 .debug_abbrev  0x00001927      0x213 ./Drivers/STM32F7xx_HAL_Driver/Src/stm32f7xx_hal.o
 .debug_abbrev  0x00001b3a      0x252 ./Drivers/STM32F7xx_HAL_Driver/Src/stm32f7xx_hal_adc.o
 .debug_abbrev  0x00001d8c      0x31e ./Drivers/STM32F7xx_HAL_Driver/Src/stm32f7xx_hal_cortex.o
 .debug_abbrev  0x000020aa      0x1d4 ./Drivers/STM32F7xx_HAL_Driver/Src/stm32f7xx_hal_gpio.o
 .debug_abbrev  0x0000227e      0x1d5 ./Drivers/STM32F7xx_HAL_Driver/Src/stm32f7xx_hal_pwr_ex.o
 .debug_abbrev  0x00002453      0x2de ./Drivers/STM32F7xx_HAL_Driver/Src/stm32f7xx_hal_rcc.o
 .debug_abbrev  0x00002731      0x1c9 ./Drivers/STM32F7xx_HAL_Driver/Src/stm32f7xx_hal_rcc_ex.o
 .debug_abbrev  0x000028fa      0x1c4 ./Drivers/STM32F7xx_HAL_Driver/Src/stm32f7xx_hal_rng.o
 .debug_abbrev  0x00002abe      0x25f ./Drivers/STM32F7xx_HAL_Driver/Src/stm32f7xx_hal_spi.o
 .debug_abbrev  0x00002d1d      0x278 ./Drivers/STM32F7xx_HAL_Driver/Src/stm32f7xx_hal_tim.o
 .debug_abbrev  0x00002f95      0x283 ./Drivers/STM32F7xx_HAL_Driver/Src/stm32f7xx_hal_tim_ex.o
 .debug_abbrev  0x00003218      0x2e6 ./Drivers/STM32F7xx_HAL_Driver/Src/stm32f7xx_hal_uart.o

.debug_aranges  0x00000000     0x12d0
 .debug_aranges
                0x00000000       0x50 ./Core/Src/ILI9341/ILI9341_GFX.o
 .debug_aranges
                0x00000050       0x98 ./Core/Src/ILI9341/ILI9341_STM32_Driver.o
 .debug_aranges
                0x000000e8       0x38 ./Core/Src/adc.o
 .debug_aranges
                0x00000120       0x20 ./Core/Src/gpio.o
 .debug_aranges
                0x00000140       0xe8 ./Core/Src/main.o
 .debug_aranges
                0x00000228       0x30 ./Core/Src/rng.o
 .debug_aranges
                0x00000258       0x30 ./Core/Src/spi.o
 .debug_aranges
                0x00000288       0x20 ./Core/Src/stm32f7xx_hal_msp.o
 .debug_aranges
                0x000002a8       0x78 ./Core/Src/stm32f7xx_it.o
 .debug_aranges
                0x00000320       0x20 ./Core/Src/sysmem.o
 .debug_aranges
                0x00000340       0x28 ./Core/Src/system_stm32f7xx.o
 .debug_aranges
                0x00000368       0x50 ./Core/Src/tim.o
 .debug_aranges
                0x000003b8       0x30 ./Core/Src/usart.o
 .debug_aranges
                0x000003e8       0x28 ./Core/Startup/startup_stm32f767zitx.o
 .debug_aranges
                0x00000410      0x110 ./Drivers/STM32F7xx_HAL_Driver/Src/stm32f7xx_hal.o
 .debug_aranges
                0x00000520       0xe8 ./Drivers/STM32F7xx_HAL_Driver/Src/stm32f7xx_hal_adc.o
 .debug_aranges
                0x00000608      0x128 ./Drivers/STM32F7xx_HAL_Driver/Src/stm32f7xx_hal_cortex.o
 .debug_aranges
                0x00000730       0x58 ./Drivers/STM32F7xx_HAL_Driver/Src/stm32f7xx_hal_gpio.o
 .debug_aranges
                0x00000788       0x80 ./Drivers/STM32F7xx_HAL_Driver/Src/stm32f7xx_hal_pwr_ex.o
 .debug_aranges
                0x00000808       0x88 ./Drivers/STM32F7xx_HAL_Driver/Src/stm32f7xx_hal_rcc.o
 .debug_aranges
                0x00000890       0x50 ./Drivers/STM32F7xx_HAL_Driver/Src/stm32f7xx_hal_rcc_ex.o
 .debug_aranges
                0x000008e0       0x88 ./Drivers/STM32F7xx_HAL_Driver/Src/stm32f7xx_hal_rng.o
 .debug_aranges
                0x00000968      0x1d8 ./Drivers/STM32F7xx_HAL_Driver/Src/stm32f7xx_hal_spi.o
 .debug_aranges
                0x00000b40      0x3e0 ./Drivers/STM32F7xx_HAL_Driver/Src/stm32f7xx_hal_tim.o
 .debug_aranges
                0x00000f20      0x180 ./Drivers/STM32F7xx_HAL_Driver/Src/stm32f7xx_hal_tim_ex.o
 .debug_aranges
                0x000010a0      0x230 ./Drivers/STM32F7xx_HAL_Driver/Src/stm32f7xx_hal_uart.o

.debug_rnglists
                0x00000000      0xea3
 .debug_rnglists
                0x00000000       0x3d ./Core/Src/ILI9341/ILI9341_GFX.o
 .debug_rnglists
                0x0000003d       0x75 ./Core/Src/ILI9341/ILI9341_STM32_Driver.o
 .debug_rnglists
                0x000000b2       0x28 ./Core/Src/adc.o
 .debug_rnglists
                0x000000da       0x14 ./Core/Src/gpio.o
 .debug_rnglists
                0x000000ee       0xb8 ./Core/Src/main.o
 .debug_rnglists
                0x000001a6       0x1f ./Core/Src/rng.o
 .debug_rnglists
                0x000001c5       0x20 ./Core/Src/spi.o
 .debug_rnglists
                0x000001e5       0x13 ./Core/Src/stm32f7xx_hal_msp.o
 .debug_rnglists
                0x000001f8       0x55 ./Core/Src/stm32f7xx_it.o
 .debug_rnglists
                0x0000024d       0x13 ./Core/Src/sysmem.o
 .debug_rnglists
                0x00000260       0x1a ./Core/Src/system_stm32f7xx.o
 .debug_rnglists
                0x0000027a       0x3e ./Core/Src/tim.o
 .debug_rnglists
                0x000002b8       0x20 ./Core/Src/usart.o
 .debug_rnglists
                0x000002d8       0x19 ./Core/Startup/startup_stm32f767zitx.o
 .debug_rnglists
                0x000002f1       0xc7 ./Drivers/STM32F7xx_HAL_Driver/Src/stm32f7xx_hal.o
 .debug_rnglists
                0x000003b8       0xb5 ./Drivers/STM32F7xx_HAL_Driver/Src/stm32f7xx_hal_adc.o
 .debug_rnglists
                0x0000046d       0xda ./Drivers/STM32F7xx_HAL_Driver/Src/stm32f7xx_hal_cortex.o
 .debug_rnglists
                0x00000547       0x3f ./Drivers/STM32F7xx_HAL_Driver/Src/stm32f7xx_hal_gpio.o
 .debug_rnglists
                0x00000586       0x5f ./Drivers/STM32F7xx_HAL_Driver/Src/stm32f7xx_hal_pwr_ex.o
 .debug_rnglists
                0x000005e5       0x67 ./Drivers/STM32F7xx_HAL_Driver/Src/stm32f7xx_hal_rcc.o
 .debug_rnglists
                0x0000064c       0x3c ./Drivers/STM32F7xx_HAL_Driver/Src/stm32f7xx_hal_rcc_ex.o
 .debug_rnglists
                0x00000688       0x63 ./Drivers/STM32F7xx_HAL_Driver/Src/stm32f7xx_hal_rng.o
 .debug_rnglists
                0x000006eb      0x178 ./Drivers/STM32F7xx_HAL_Driver/Src/stm32f7xx_hal_spi.o
 .debug_rnglists
                0x00000863      0x328 ./Drivers/STM32F7xx_HAL_Driver/Src/stm32f7xx_hal_tim.o
 .debug_rnglists
                0x00000b8b      0x138 ./Drivers/STM32F7xx_HAL_Driver/Src/stm32f7xx_hal_tim_ex.o
 .debug_rnglists
                0x00000cc3      0x1e0 ./Drivers/STM32F7xx_HAL_Driver/Src/stm32f7xx_hal_uart.o

.debug_macro    0x00000000    0x2a5f3
 .debug_macro   0x00000000      0x24f ./Core/Src/ILI9341/ILI9341_GFX.o
 .debug_macro   0x0000024f      0xaf0 ./Core/Src/ILI9341/ILI9341_GFX.o
 .debug_macro   0x00000d3f      0x2a5 ./Core/Src/ILI9341/ILI9341_GFX.o
 .debug_macro   0x00000fe4       0x2e ./Core/Src/ILI9341/ILI9341_GFX.o
 .debug_macro   0x00001012       0x3b ./Core/Src/ILI9341/ILI9341_GFX.o
 .debug_macro   0x0000104d       0x22 ./Core/Src/ILI9341/ILI9341_GFX.o
 .debug_macro   0x0000106f       0x8e ./Core/Src/ILI9341/ILI9341_GFX.o
 .debug_macro   0x000010fd       0x51 ./Core/Src/ILI9341/ILI9341_GFX.o
 .debug_macro   0x0000114e      0x103 ./Core/Src/ILI9341/ILI9341_GFX.o
 .debug_macro   0x00001251       0x6a ./Core/Src/ILI9341/ILI9341_GFX.o
 .debug_macro   0x000012bb      0x1df ./Core/Src/ILI9341/ILI9341_GFX.o
 .debug_macro   0x0000149a       0x1c ./Core/Src/ILI9341/ILI9341_GFX.o
 .debug_macro   0x000014b6       0x22 ./Core/Src/ILI9341/ILI9341_GFX.o
 .debug_macro   0x000014d8       0xd9 ./Core/Src/ILI9341/ILI9341_GFX.o
 .debug_macro   0x000015b1     0x12cd ./Core/Src/ILI9341/ILI9341_GFX.o
 .debug_macro   0x0000287e      0x11f ./Core/Src/ILI9341/ILI9341_GFX.o
 .debug_macro   0x0000299d       0x19 ./Core/Src/ILI9341/ILI9341_GFX.o
 .debug_macro   0x000029b6    0x1aa23 ./Core/Src/ILI9341/ILI9341_GFX.o
 .debug_macro   0x0001d3d9       0x6d ./Core/Src/ILI9341/ILI9341_GFX.o
 .debug_macro   0x0001d446     0x375e ./Core/Src/ILI9341/ILI9341_GFX.o
 .debug_macro   0x00020ba4      0x190 ./Core/Src/ILI9341/ILI9341_GFX.o
 .debug_macro   0x00020d34       0x63 ./Core/Src/ILI9341/ILI9341_GFX.o
 .debug_macro   0x00020d97     0x1add ./Core/Src/ILI9341/ILI9341_GFX.o
 .debug_macro   0x00022874      0x6c4 ./Core/Src/ILI9341/ILI9341_GFX.o
 .debug_macro   0x00022f38      0x18b ./Core/Src/ILI9341/ILI9341_GFX.o
 .debug_macro   0x000230c3      0x115 ./Core/Src/ILI9341/ILI9341_GFX.o
 .debug_macro   0x000231d8      0x26e ./Core/Src/ILI9341/ILI9341_GFX.o
 .debug_macro   0x00023446       0xa5 ./Core/Src/ILI9341/ILI9341_GFX.o
 .debug_macro   0x000234eb      0x24f ./Core/Src/ILI9341/ILI9341_GFX.o
 .debug_macro   0x0002373a       0x71 ./Core/Src/ILI9341/ILI9341_GFX.o
 .debug_macro   0x000237ab       0x58 ./Core/Src/ILI9341/ILI9341_GFX.o
 .debug_macro   0x00023803      0x236 ./Core/Src/ILI9341/ILI9341_GFX.o
 .debug_macro   0x00023a39      0x416 ./Core/Src/ILI9341/ILI9341_GFX.o
 .debug_macro   0x00023e4f      0x153 ./Core/Src/ILI9341/ILI9341_GFX.o
 .debug_macro   0x00023fa2      0x107 ./Core/Src/ILI9341/ILI9341_GFX.o
 .debug_macro   0x000240a9      0x14e ./Core/Src/ILI9341/ILI9341_GFX.o
 .debug_macro   0x000241f7      0x3db ./Core/Src/ILI9341/ILI9341_GFX.o
 .debug_macro   0x000245d2       0x12 ./Core/Src/ILI9341/ILI9341_GFX.o
 .debug_macro   0x000245e4      0x22c ./Core/Src/ILI9341/ILI9341_GFX.o
 .debug_macro   0x00024810       0x61 ./Core/Src/ILI9341/ILI9341_GFX.o
 .debug_macro   0x00024871       0xa5 ./Core/Src/ILI9341/ILI9341_GFX.o
 .debug_macro   0x00024916      0x12e ./Core/Src/ILI9341/ILI9341_GFX.o
 .debug_macro   0x00024a44      0x108 ./Core/Src/ILI9341/ILI9341_GFX.o
 .debug_macro   0x00024b4c       0x35 ./Core/Src/ILI9341/ILI9341_GFX.o
 .debug_macro   0x00024b81       0xa4 ./Core/Src/ILI9341/ILI9341_GFX.o
 .debug_macro   0x00024c25      0x2fe ./Core/Src/ILI9341/ILI9341_GFX.o
 .debug_macro   0x00024f23      0xa91 ./Core/Src/ILI9341/ILI9341_GFX.o
 .debug_macro   0x000259b4       0xa9 ./Core/Src/ILI9341/ILI9341_GFX.o
 .debug_macro   0x00025a5d      0x5ba ./Core/Src/ILI9341/ILI9341_GFX.o
 .debug_macro   0x00026017       0x44 ./Core/Src/ILI9341/ILI9341_GFX.o
 .debug_macro   0x0002605b      0x15b ./Core/Src/ILI9341/ILI9341_GFX.o
 .debug_macro   0x000261b6       0xd0 ./Core/Src/ILI9341/ILI9341_GFX.o
 .debug_macro   0x00026286       0x16 ./Core/Src/ILI9341/ILI9341_GFX.o
 .debug_macro   0x0002629c       0x16 ./Core/Src/ILI9341/ILI9341_GFX.o
 .debug_macro   0x000262b2       0xfa ./Core/Src/ILI9341/ILI9341_GFX.o
 .debug_macro   0x000263ac      0x247 ./Core/Src/ILI9341/ILI9341_STM32_Driver.o
 .debug_macro   0x000265f3      0x234 ./Core/Src/adc.o
 .debug_macro   0x00026827       0xf4 ./Core/Src/adc.o
 .debug_macro   0x0002691b      0x234 ./Core/Src/gpio.o
 .debug_macro   0x00026b4f      0x3b3 ./Core/Src/main.o
 .debug_macro   0x00026f02       0xd6 ./Core/Src/main.o
 .debug_macro   0x00026fd8       0x61 ./Core/Src/main.o
 .debug_macro   0x00027039       0x29 ./Core/Src/main.o
 .debug_macro   0x00027062       0x43 ./Core/Src/main.o
 .debug_macro   0x000270a5       0x34 ./Core/Src/main.o
 .debug_macro   0x000270d9       0x16 ./Core/Src/main.o
 .debug_macro   0x000270ef       0x3c ./Core/Src/main.o
 .debug_macro   0x0002712b      0x370 ./Core/Src/main.o
 .debug_macro   0x0002749b       0x10 ./Core/Src/main.o
 .debug_macro   0x000274ab       0x16 ./Core/Src/main.o
 .debug_macro   0x000274c1       0x4a ./Core/Src/main.o
 .debug_macro   0x0002750b       0x34 ./Core/Src/main.o
 .debug_macro   0x0002753f       0x10 ./Core/Src/main.o
 .debug_macro   0x0002754f       0x58 ./Core/Src/main.o
 .debug_macro   0x000275a7       0x8e ./Core/Src/main.o
 .debug_macro   0x00027635       0x1c ./Core/Src/main.o
 .debug_macro   0x00027651      0x185 ./Core/Src/main.o
 .debug_macro   0x000277d6       0x16 ./Core/Src/main.o
 .debug_macro   0x000277ec       0x16 ./Core/Src/main.o
 .debug_macro   0x00027802      0x146 ./Core/Src/main.o
 .debug_macro   0x00027948       0x16 ./Core/Src/main.o
 .debug_macro   0x0002795e       0x20 ./Core/Src/main.o
 .debug_macro   0x0002797e      0x234 ./Core/Src/rng.o
 .debug_macro   0x00027bb2      0x234 ./Core/Src/spi.o
 .debug_macro   0x00027de6      0x22a ./Core/Src/stm32f7xx_hal_msp.o
 .debug_macro   0x00028010      0x234 ./Core/Src/stm32f7xx_it.o
 .debug_macro   0x00028244      0x112 ./Core/Src/sysmem.o
 .debug_macro   0x00028356      0x23c ./Core/Src/sysmem.o
 .debug_macro   0x00028592      0x21b ./Core/Src/system_stm32f7xx.o
 .debug_macro   0x000287ad      0x234 ./Core/Src/tim.o
 .debug_macro   0x000289e1      0x234 ./Core/Src/usart.o
 .debug_macro   0x00028c15      0x23f ./Drivers/STM32F7xx_HAL_Driver/Src/stm32f7xx_hal.o
 .debug_macro   0x00028e54      0x21c ./Drivers/STM32F7xx_HAL_Driver/Src/stm32f7xx_hal_adc.o
 .debug_macro   0x00029070      0x21b ./Drivers/STM32F7xx_HAL_Driver/Src/stm32f7xx_hal_cortex.o
 .debug_macro   0x0002928b      0x221 ./Drivers/STM32F7xx_HAL_Driver/Src/stm32f7xx_hal_gpio.o
 .debug_macro   0x000294ac      0x233 ./Drivers/STM32F7xx_HAL_Driver/Src/stm32f7xx_hal_pwr_ex.o
 .debug_macro   0x000296df      0x23f ./Drivers/STM32F7xx_HAL_Driver/Src/stm32f7xx_hal_rcc.o
 .debug_macro   0x0002991e      0x21b ./Drivers/STM32F7xx_HAL_Driver/Src/stm32f7xx_hal_rcc_ex.o
 .debug_macro   0x00029b39      0x221 ./Drivers/STM32F7xx_HAL_Driver/Src/stm32f7xx_hal_rng.o
 .debug_macro   0x00029d5a      0x22a ./Drivers/STM32F7xx_HAL_Driver/Src/stm32f7xx_hal_spi.o
 .debug_macro   0x00029f84      0x21c ./Drivers/STM32F7xx_HAL_Driver/Src/stm32f7xx_hal_tim.o
 .debug_macro   0x0002a1a0      0x21b ./Drivers/STM32F7xx_HAL_Driver/Src/stm32f7xx_hal_tim_ex.o
 .debug_macro   0x0002a3bb      0x238 ./Drivers/STM32F7xx_HAL_Driver/Src/stm32f7xx_hal_uart.o

.debug_line     0x00000000    0x19235
 .debug_line    0x00000000      0xbcd ./Core/Src/ILI9341/ILI9341_GFX.o
 .debug_line    0x00000bcd      0xb5f ./Core/Src/ILI9341/ILI9341_STM32_Driver.o
 .debug_line    0x0000172c      0x8fd ./Core/Src/adc.o
 .debug_line    0x00002029      0x870 ./Core/Src/gpio.o
 .debug_line    0x00002899     0x10a6 ./Core/Src/main.o
 .debug_line    0x0000393f      0x842 ./Core/Src/rng.o
 .debug_line    0x00004181      0x867 ./Core/Src/spi.o
 .debug_line    0x000049e8      0x7ea ./Core/Src/stm32f7xx_hal_msp.o
 .debug_line    0x000051d2      0x8ef ./Core/Src/stm32f7xx_it.o
 .debug_line    0x00005ac1      0x588 ./Core/Src/sysmem.o
 .debug_line    0x00006049      0x85e ./Core/Src/system_stm32f7xx.o
 .debug_line    0x000068a7      0xaa9 ./Core/Src/tim.o
 .debug_line    0x00007350      0x874 ./Core/Src/usart.o
 .debug_line    0x00007bc4       0x7a ./Core/Startup/startup_stm32f767zitx.o
 .debug_line    0x00007c3e      0xb41 ./Drivers/STM32F7xx_HAL_Driver/Src/stm32f7xx_hal.o
 .debug_line    0x0000877f     0x12d6 ./Drivers/STM32F7xx_HAL_Driver/Src/stm32f7xx_hal_adc.o
 .debug_line    0x00009a55      0xd91 ./Drivers/STM32F7xx_HAL_Driver/Src/stm32f7xx_hal_cortex.o
 .debug_line    0x0000a7e6      0xc6b ./Drivers/STM32F7xx_HAL_Driver/Src/stm32f7xx_hal_gpio.o
 .debug_line    0x0000b451      0xae1 ./Drivers/STM32F7xx_HAL_Driver/Src/stm32f7xx_hal_pwr_ex.o
 .debug_line    0x0000bf32     0x1046 ./Drivers/STM32F7xx_HAL_Driver/Src/stm32f7xx_hal_rcc.o
 .debug_line    0x0000cf78      0xf94 ./Drivers/STM32F7xx_HAL_Driver/Src/stm32f7xx_hal_rcc_ex.o
 .debug_line    0x0000df0c      0xa52 ./Drivers/STM32F7xx_HAL_Driver/Src/stm32f7xx_hal_rng.o
 .debug_line    0x0000e95e     0x2117 ./Drivers/STM32F7xx_HAL_Driver/Src/stm32f7xx_hal_spi.o
 .debug_line    0x00010a75     0x3dac ./Drivers/STM32F7xx_HAL_Driver/Src/stm32f7xx_hal_tim.o
 .debug_line    0x00014821     0x1c17 ./Drivers/STM32F7xx_HAL_Driver/Src/stm32f7xx_hal_tim_ex.o
 .debug_line    0x00016438     0x2dfd ./Drivers/STM32F7xx_HAL_Driver/Src/stm32f7xx_hal_uart.o

.debug_str      0x00000000   0x10437e
 .debug_str     0x00000000   0x10437e ./Core/Src/ILI9341/ILI9341_GFX.o
                              0xfbc41 (size before relaxing)
 .debug_str     0x0010437e    0xfbc06 ./Core/Src/ILI9341/ILI9341_STM32_Driver.o
 .debug_str     0x0010437e    0xfb8b1 ./Core/Src/adc.o
 .debug_str     0x0010437e    0xfba9d ./Core/Src/gpio.o
 .debug_str     0x0010437e   0x100023 ./Core/Src/main.o
 .debug_str     0x0010437e    0xfb7a3 ./Core/Src/rng.o
 .debug_str     0x0010437e    0xfb8d3 ./Core/Src/spi.o
 .debug_str     0x0010437e    0xfb361 ./Core/Src/stm32f7xx_hal_msp.o
 .debug_str     0x0010437e    0xfb92d ./Core/Src/stm32f7xx_it.o
 .debug_str     0x0010437e     0x77c7 ./Core/Src/sysmem.o
 .debug_str     0x0010437e    0xfb0c8 ./Core/Src/system_stm32f7xx.o
 .debug_str     0x0010437e    0xfc261 ./Core/Src/tim.o
 .debug_str     0x0010437e    0xfbbeb ./Core/Src/usart.o
 .debug_str     0x0010437e       0x80 ./Core/Startup/startup_stm32f767zitx.o
 .debug_str     0x0010437e    0xfbb30 ./Drivers/STM32F7xx_HAL_Driver/Src/stm32f7xx_hal.o
 .debug_str     0x0010437e    0xfb5c8 ./Drivers/STM32F7xx_HAL_Driver/Src/stm32f7xx_hal_adc.o
 .debug_str     0x0010437e    0xfbaea ./Drivers/STM32F7xx_HAL_Driver/Src/stm32f7xx_hal_cortex.o
 .debug_str     0x0010437e    0xfb186 ./Drivers/STM32F7xx_HAL_Driver/Src/stm32f7xx_hal_gpio.o
 .debug_str     0x0010437e    0xfb337 ./Drivers/STM32F7xx_HAL_Driver/Src/stm32f7xx_hal_pwr_ex.o
 .debug_str     0x0010437e    0xfb443 ./Drivers/STM32F7xx_HAL_Driver/Src/stm32f7xx_hal_rcc.o
 .debug_str     0x0010437e    0xfb3a6 ./Drivers/STM32F7xx_HAL_Driver/Src/stm32f7xx_hal_rcc_ex.o
 .debug_str     0x0010437e    0xfb0e2 ./Drivers/STM32F7xx_HAL_Driver/Src/stm32f7xx_hal_rng.o
 .debug_str     0x0010437e    0xfb902 ./Drivers/STM32F7xx_HAL_Driver/Src/stm32f7xx_hal_spi.o
 .debug_str     0x0010437e    0xfc3eb ./Drivers/STM32F7xx_HAL_Driver/Src/stm32f7xx_hal_tim.o
 .debug_str     0x0010437e    0xfbcf1 ./Drivers/STM32F7xx_HAL_Driver/Src/stm32f7xx_hal_tim_ex.o
 .debug_str     0x0010437e    0xfbd91 ./Drivers/STM32F7xx_HAL_Driver/Src/stm32f7xx_hal_uart.o

.comment        0x00000000       0x43
 .comment       0x00000000       0x43 ./Core/Src/ILI9341/ILI9341_GFX.o
                                 0x44 (size before relaxing)
 .comment       0x00000043       0x44 ./Core/Src/ILI9341/ILI9341_STM32_Driver.o
 .comment       0x00000043       0x44 ./Core/Src/adc.o
 .comment       0x00000043       0x44 ./Core/Src/gpio.o
 .comment       0x00000043       0x44 ./Core/Src/main.o
 .comment       0x00000043       0x44 ./Core/Src/rng.o
 .comment       0x00000043       0x44 ./Core/Src/spi.o
 .comment       0x00000043       0x44 ./Core/Src/stm32f7xx_hal_msp.o
 .comment       0x00000043       0x44 ./Core/Src/stm32f7xx_it.o
 .comment       0x00000043       0x44 ./Core/Src/sysmem.o
 .comment       0x00000043       0x44 ./Core/Src/system_stm32f7xx.o
 .comment       0x00000043       0x44 ./Core/Src/tim.o
 .comment       0x00000043       0x44 ./Core/Src/usart.o
 .comment       0x00000043       0x44 ./Drivers/STM32F7xx_HAL_Driver/Src/stm32f7xx_hal.o
 .comment       0x00000043       0x44 ./Drivers/STM32F7xx_HAL_Driver/Src/stm32f7xx_hal_adc.o
 .comment       0x00000043       0x44 ./Drivers/STM32F7xx_HAL_Driver/Src/stm32f7xx_hal_cortex.o
 .comment       0x00000043       0x44 ./Drivers/STM32F7xx_HAL_Driver/Src/stm32f7xx_hal_gpio.o
 .comment       0x00000043       0x44 ./Drivers/STM32F7xx_HAL_Driver/Src/stm32f7xx_hal_pwr_ex.o