../Drivers/CMSIS/Include/core_cm7.h:2229:22:SCB_EnableICache	1
../Drivers/CMSIS/Include/core_cm7.h:2281:22:SCB_EnableDCache	3
../Core/Src/main.c:111:6:Draw_Image_From_Data	3
../Core/Src/main.c:129:6:set_servo_pos	7
../Core/Src/main.c:143:6:draw_p1_hp	3
../Core/Src/main.c:156:6:draw_p2_hp	3
../Core/Src/main.c:169:6:handle_p1_punch	1
../Core/Src/main.c:176:6:handle_p2_punch	1
../Core/Src/main.c:183:6:control_p1_pos	3
../Core/Src/main.c:197:6:control_p2_pos	3
../Core/Src/main.c:210:6:handle_p1_got_hit	3
../Core/Src/main.c:227:6:handle_p2_got_hit	3
../Core/Src/main.c:244:6:display_timer	2
../Core/Src/main.c:260:6:display_result	4
../Core/Src/main.c:287:6:display_ready_screen	1
../Core/Src/main.c:294:6:reset_game	1
../Core/Src/main.c:309:6:display_count_down_screen	1
../Core/Src/main.c:326:6:handle_start_game	1
../Core/Src/main.c:341:6:display_press2start	3
../Core/Src/main.c:354:6:buzzer_on	1
../Core/Src/main.c:358:6:buzzer_off	1
../Core/Src/main.c:362:6:beep	1
../Core/Src/main.c:378:5:main	16
../Core/Src/main.c:533:6:SystemClock_Config	4
../Core/Src/main.c:584:6:HAL_GPIO_EXTI_Callback	13
../Core/Src/main.c:631:6:Error_Handler	1
