../Core/Src/main.c:62:6:convertToHex	72	static
../Core/Src/main.c:69:6:convertToVolt	48	static
../Core/Src/main.c:80:6:displayFirstHalfVolts	512	static
../Core/Src/main.c:93:6:displaySecondHalfVolts	528	static
../Core/Src/main.c:106:6:HAL_ADC_ConvHalfCpltCallback	16	static
../Core/Src/main.c:112:6:HAL_ADC_ConvCpltCallback	16	static
../Core/Src/main.c:129:5:main	8	static
../Core/Src/main.c:178:6:SystemClock_Config	88	static
../Core/Src/main.c:234:6:MPU_Config	24	static
../Core/Src/main.c:265:6:Error_Handler	4	static,ignoring_inline_asm
